Archive member included to satisfy reference by file (symbol)

c:/progra~2/gnuarm~1/102021~1.10/bin/../lib/gcc/arm-none-eabi/10.3.1/../../../../arm-none-eabi/lib/thumb/v6-m/nofp\libstdc++.a(pure.o)
                              CMakeFiles/ssd1306.dir/src/ssd1306/SSD1306_OLED_graphics.cpp.obj (__cxa_pure_virtual)
c:/progra~2/gnuarm~1/102021~1.10/bin/../lib/gcc/arm-none-eabi/10.3.1/../../../../arm-none-eabi/lib/thumb/v6-m/nofp\libstdc++.a(eh_terminate.o)
                              c:/progra~2/gnuarm~1/102021~1.10/bin/../lib/gcc/arm-none-eabi/10.3.1/../../../../arm-none-eabi/lib/thumb/v6-m/nofp\libstdc++.a(pure.o) (std::terminate())
c:/progra~2/gnuarm~1/102021~1.10/bin/../lib/gcc/arm-none-eabi/10.3.1/../../../../arm-none-eabi/lib/thumb/v6-m/nofp\libstdc++.a(eh_unex_handler.o)
                              c:/progra~2/gnuarm~1/102021~1.10/bin/../lib/gcc/arm-none-eabi/10.3.1/../../../../arm-none-eabi/lib/thumb/v6-m/nofp\libstdc++.a(eh_terminate.o) (__cxxabiv1::__unexpected_handler)
c:/progra~2/gnuarm~1/102021~1.10/bin/../lib/gcc/arm-none-eabi/10.3.1/../../../../arm-none-eabi/lib/thumb/v6-m/nofp\libstdc++.a(vterminate.o)
                              c:/progra~2/gnuarm~1/102021~1.10/bin/../lib/gcc/arm-none-eabi/10.3.1/../../../../arm-none-eabi/lib/thumb/v6-m/nofp\libstdc++.a(eh_terminate.o) (__gnu_cxx::__verbose_terminate_handler())
c:/progra~2/gnuarm~1/102021~1.10/bin/../lib/gcc/arm-none-eabi/10.3.1/../../../../arm-none-eabi/lib/thumb/v6-m/nofp\libstdc++.a(cp-demangle.o)
                              c:/progra~2/gnuarm~1/102021~1.10/bin/../lib/gcc/arm-none-eabi/10.3.1/../../../../arm-none-eabi/lib/thumb/v6-m/nofp\libstdc++.a(vterminate.o) (__cxa_demangle)
c:/progra~2/gnuarm~1/102021~1.10/bin/../lib/gcc/arm-none-eabi/10.3.1/../../../../arm-none-eabi/lib/thumb/v6-m/nofp\libstdc++.a(eh_arm.o)
                              c:/progra~2/gnuarm~1/102021~1.10/bin/../lib/gcc/arm-none-eabi/10.3.1/../../../../arm-none-eabi/lib/thumb/v6-m/nofp\libstdc++.a(eh_terminate.o) (__cxa_end_cleanup)
c:/progra~2/gnuarm~1/102021~1.10/bin/../lib/gcc/arm-none-eabi/10.3.1/../../../../arm-none-eabi/lib/thumb/v6-m/nofp\libstdc++.a(eh_call.o)
                              c:/progra~2/gnuarm~1/102021~1.10/bin/../lib/gcc/arm-none-eabi/10.3.1/../../../../arm-none-eabi/lib/thumb/v6-m/nofp\libstdc++.a(eh_terminate.o) (__cxa_call_unexpected)
c:/progra~2/gnuarm~1/102021~1.10/bin/../lib/gcc/arm-none-eabi/10.3.1/../../../../arm-none-eabi/lib/thumb/v6-m/nofp\libstdc++.a(eh_catch.o)
                              c:/progra~2/gnuarm~1/102021~1.10/bin/../lib/gcc/arm-none-eabi/10.3.1/../../../../arm-none-eabi/lib/thumb/v6-m/nofp\libstdc++.a(eh_terminate.o) (__cxa_begin_catch)
c:/progra~2/gnuarm~1/102021~1.10/bin/../lib/gcc/arm-none-eabi/10.3.1/../../../../arm-none-eabi/lib/thumb/v6-m/nofp\libstdc++.a(eh_exception.o)
                              c:/progra~2/gnuarm~1/102021~1.10/bin/../lib/gcc/arm-none-eabi/10.3.1/../../../../arm-none-eabi/lib/thumb/v6-m/nofp\libstdc++.a(eh_call.o) (std::bad_exception::~bad_exception())
c:/progra~2/gnuarm~1/102021~1.10/bin/../lib/gcc/arm-none-eabi/10.3.1/../../../../arm-none-eabi/lib/thumb/v6-m/nofp\libstdc++.a(eh_globals.o)
                              c:/progra~2/gnuarm~1/102021~1.10/bin/../lib/gcc/arm-none-eabi/10.3.1/../../../../arm-none-eabi/lib/thumb/v6-m/nofp\libstdc++.a(eh_call.o) (__cxa_get_globals_fast)
c:/progra~2/gnuarm~1/102021~1.10/bin/../lib/gcc/arm-none-eabi/10.3.1/../../../../arm-none-eabi/lib/thumb/v6-m/nofp\libstdc++.a(eh_personality.o)
                              c:/progra~2/gnuarm~1/102021~1.10/bin/../lib/gcc/arm-none-eabi/10.3.1/../../../../arm-none-eabi/lib/thumb/v6-m/nofp\libstdc++.a(eh_terminate.o) (__gxx_personality_v0)
c:/progra~2/gnuarm~1/102021~1.10/bin/../lib/gcc/arm-none-eabi/10.3.1/../../../../arm-none-eabi/lib/thumb/v6-m/nofp\libstdc++.a(eh_term_handler.o)
                              c:/progra~2/gnuarm~1/102021~1.10/bin/../lib/gcc/arm-none-eabi/10.3.1/../../../../arm-none-eabi/lib/thumb/v6-m/nofp\libstdc++.a(eh_terminate.o) (__cxxabiv1::__terminate_handler)
c:/progra~2/gnuarm~1/102021~1.10/bin/../lib/gcc/arm-none-eabi/10.3.1/../../../../arm-none-eabi/lib/thumb/v6-m/nofp\libstdc++.a(eh_throw.o)
                              c:/progra~2/gnuarm~1/102021~1.10/bin/../lib/gcc/arm-none-eabi/10.3.1/../../../../arm-none-eabi/lib/thumb/v6-m/nofp\libstdc++.a(eh_call.o) (__cxa_throw)
c:/progra~2/gnuarm~1/102021~1.10/bin/../lib/gcc/arm-none-eabi/10.3.1/../../../../arm-none-eabi/lib/thumb/v6-m/nofp\libstdc++.a(eh_type.o)
                              c:/progra~2/gnuarm~1/102021~1.10/bin/../lib/gcc/arm-none-eabi/10.3.1/../../../../arm-none-eabi/lib/thumb/v6-m/nofp\libstdc++.a(vterminate.o) (__cxa_current_exception_type)
c:/progra~2/gnuarm~1/102021~1.10/bin/../lib/gcc/arm-none-eabi/10.3.1/../../../../arm-none-eabi/lib/thumb/v6-m/nofp\libstdc++.a(si_class_type_info.o)
[...]
Memory Configuration

Name             Origin             Length             Attributes
FLASH            0x10000000         0x00200000         xr
RAM              0x20000000         0x00040000         xrw
SCRATCH_X        0x20040000         0x00001000         xrw
SCRATCH_Y        0x20041000         0x00001000         xrw
*default*        0x00000000         0xffffffff

Linker script and memory map

LOAD c:/progra~2/gnuarm~1/102021~1.10/bin/../lib/gcc/arm-none-eabi/10.3.1/thumb/v6-m/nofp/crti.o
LOAD c:/progra~2/gnuarm~1/102021~1.10/bin/../lib/gcc/arm-none-eabi/10.3.1/thumb/v6-m/nofp/crtbegin.o
LOAD c:/progra~2/gnuarm~1/102021~1.10/bin/../lib/gcc/arm-none-eabi/10.3.1/../../../../arm-none-eabi/lib/thumb/v6-m/nofp/crt0.o

.flash_begin    0x10000000        0x0
                0x10000000                __flash_binary_start = .

.boot2          0x10000000      0x100
                0x10000000                __boot2_start__ = .
 *(.boot2)
 .boot2         0x10000000      0x100 C:\Users\stube\AppData\Local\Temp\ccUqfTfa.o
                0x10000100                __boot2_end__ = .
                0x00000001                ASSERT (((__boot2_end__ - __boot2_start__) == 0x100), ERROR: Pico second stage bootloader must be 256 bytes in size)

.text           0x10000100    0x11548
                0x10000100                __logical_binary_start = .
 *(.vectors)
 .vectors       0x10000100       0xd4 CMakeFiles/ssd1306.dir/C_/VSARM/sdk/pico/pico-sdk/src/rp2_common/pico_standard_link/crt0.S.obj
                0x10000100                __VECTOR_TABLE
                0x10000100                __vectors
                0x100001c0                isr_invalid
                0x100001c0                __default_isrs_start
                0x100001c2                isr_nmi
                0x100001c4                isr_hardfault
                0x100001c6                isr_svcall
                0x100001c8                isr_pendsv
                0x100001ca                isr_systick
                0x100001cc                isr_irq23
                0x100001cc                isr_irq18
                0x100001cc                isr_irq11
                0x100001cc                isr_irq28
                0x100001cc                isr_irq19
                0x100001cc                isr_irq0
                0x100001cc                isr_irq6
                0x100001cc                isr_irq5
                0x100001cc                isr_irq12
                0x100001cc                isr_irq22
                0x100001cc                isr_irq31
                0x100001cc                isr_irq17
                0x100001cc                isr_irq27
                0x100001cc                isr_irq30
                0x100001cc                isr_irq2
                0x100001cc                isr_irq10
                0x100001cc                isr_irq8
                0x100001cc                isr_irq24
                0x100001cc                isr_irq1
                0x100001cc                isr_irq7
                0x100001cc                isr_irq21
                0x100001cc                isr_irq20
                0x100001cc                isr_irq15
                0x100001cc                isr_irq25
                0x100001cc                isr_irq13
                0x100001cc                __unhandled_user_irq
                0x100001cc                isr_irq4
                0x100001cc                isr_irq16
                0x100001cc                isr_irq29
                0x100001cc                isr_irq26
                0x100001cc                __default_isrs_end
                0x100001cc                isr_irq3
                0x100001cc                isr_irq14
                0x100001cc                isr_irq9
                0x100001d2                unhandled_user_irq_num_in_r0
 *(.binary_info_header)
 .binary_info_header
                0x100001d4       0x14 CMakeFiles/ssd1306.dir/C_/VSARM/sdk/pico/pico-sdk/src/rp2_common/pico_standard_link/crt0.S.obj
                0x100001e8                __binary_info_header_end = .
 *(.reset)
 .reset         0x100001e8       0xa0 CMakeFiles/ssd1306.dir/C_/VSARM/sdk/pico/pico-sdk/src/rp2_common/pico_standard_link/crt0.S.obj
                0x100001e8                _entry_point
 .reset         0x10000288       0x30 CMakeFiles/ssd1306.dir/C_/VSARM/sdk/pico/pico-sdk/src/rp2_common/pico_standard_link/binary_info.c.obj
 *(.init)
 .init          0x100002b8        0x4 c:/progra~2/gnuarm~1/102021~1.10/bin/../lib/gcc/arm-none-eabi/10.3.1/thumb/v6-m/nofp/crti.o
                0x100002b8                _init
 *(EXCLUDE_FILE(*libm.a: *libc.a:*lib_a-mem*.o *libgcc.a:) .text*)
 .text          0x100002bc       0x48 c:/progra~2/gnuarm~1/102021~1.10/bin/../lib/gcc/arm-none-eabi/10.3.1/thumb/v6-m/nofp/crtbegin.o
 .text._Z9SetupTestv
                0x10000304       0x9c CMakeFiles/ssd1306.dir/examples/SSD1306_BUTTONS/main.cpp.obj
                0x10000304                SetupTest()
 .text._Z4Testv
                0x100003a0      0x3d4 CMakeFiles/ssd1306.dir/examples/SSD1306_BUTTONS/main.cpp.obj
                0x100003a0                Test()
 .text.startup.main
                0x10000774        0xc CMakeFiles/ssd1306.dir/examples/SSD1306_BUTTONS/main.cpp.obj
                0x10000774                main
 .text.startup._GLOBAL__sub_I_screenBuffer
                0x10000780       0x14 CMakeFiles/ssd1306.dir/examples/SSD1306_BUTTONS/main.cpp.obj
 .text.gpio_set_function
                0x10000794       0x30 CMakeFiles/ssd1306.dir/C_/VSARM/sdk/pico/pico-sdk/src/rp2_common/hardware_gpio/gpio.c.obj
                0x10000794                gpio_set_function
 .text.gpio_set_pulls
                0x100007c4       0x30 CMakeFiles/ssd1306.dir/C_/VSARM/sdk/pico/pico-sdk/src/rp2_common/hardware_gpio/gpio.c.obj
                0x100007c4                gpio_set_pulls
 .text.gpio_init
                0x100007f4       0x3c CMakeFiles/ssd1306.dir/C_/VSARM/sdk/pico/pico-sdk/src/rp2_common/hardware_gpio/gpio.c.obj
                0x100007f4                gpio_init
 .text.running_on_fpga
                0x10000830       0x10 CMakeFiles/ssd1306.dir/C_/VSARM/sdk/pico/pico-sdk/src/rp2_common/pico_platform/platform.c.obj
                0x10000830                running_on_fpga
 .text.hw_claim_or_assert
                0x10000840       0x44 CMakeFiles/ssd1306.dir/C_/VSARM/sdk/pico/pico-sdk/src/rp2_common/hardware_claim/claim.c.obj
                0x10000840                hw_claim_or_assert
 .text.hw_claim_unused_from_range
                0x10000884       0x9c CMakeFiles/ssd1306.dir/C_/VSARM/sdk/pico/pico-sdk/src/rp2_common/hardware_claim/claim.c.obj
                0x10000884                hw_claim_unused_from_range
 .text.spin_locks_reset
                0x10000920       0x1c CMakeFiles/ssd1306.dir/C_/VSARM/sdk/pico/pico-sdk/src/rp2_common/hardware_sync/sync.c.obj
                0x10000920                spin_locks_reset
 .text.next_striped_spin_lock_num
                0x1000093c       0x18 CMakeFiles/ssd1306.dir/C_/VSARM/sdk/pico/pico-sdk/src/rp2_common/hardware_sync/sync.c.obj
                0x1000093c                next_striped_spin_lock_num
 .text.spin_lock_claim_unused
                0x10000954       0x20 CMakeFiles/ssd1306.dir/C_/VSARM/sdk/pico/pico-sdk/src/rp2_common/hardware_sync/sync.c.obj
                0x10000954                spin_lock_claim_unused
 .text.irq_set_enabled
                0x10000974       0x24 CMakeFiles/ssd1306.dir/C_/VSARM/sdk/pico/pico-sdk/src/rp2_common/hardware_irq/irq.c.obj
                0x10000974                irq_set_enabled
 .text.irq_set_pending
                0x10000998       0x10 CMakeFiles/ssd1306.dir/C_/VSARM/sdk/pico/pico-sdk/src/rp2_common/hardware_irq/irq.c.obj
                0x10000998                irq_set_pending
 .text.irq_has_shared_handler
                0x100009a8       0x2c CMakeFiles/ssd1306.dir/C_/VSARM/sdk/pico/pico-sdk/src/rp2_common/hardware_irq/irq.c.obj
                0x100009a8                irq_has_shared_handler
 .text.irq_get_vtable_handler
                0x100009d4       0x10 CMakeFiles/ssd1306.dir/C_/VSARM/sdk/pico/pico-sdk/src/rp2_common/hardware_irq/irq.c.obj
                0x100009d4                irq_get_vtable_handler
 .text.irq_set_exclusive_handler
                0x100009e4       0x54 CMakeFiles/ssd1306.dir/C_/VSARM/sdk/pico/pico-sdk/src/rp2_common/hardware_irq/irq.c.obj
                0x100009e4                irq_set_exclusive_handler
 .text.irq_add_shared_handler
                0x10000a38      0x1e8 CMakeFiles/ssd1306.dir/C_/VSARM/sdk/pico/pico-sdk/src/rp2_common/hardware_irq/irq.c.obj
                0x10000a38                irq_add_shared_handler
 .text.irq_remove_handler
                0x10000c20      0x1b0 CMakeFiles/ssd1306.dir/C_/VSARM/sdk/pico/pico-sdk/src/rp2_common/hardware_irq/irq.c.obj
                0x10000c20                irq_remove_handler
 .text.irq_add_tail_to_free_list
                0x10000dd0       0xb4 CMakeFiles/ssd1306.dir/C_/VSARM/sdk/pico/pico-sdk/src/rp2_common/hardware_irq/irq.c.obj
                0x10000dd0                irq_add_tail_to_free_list
 .text.irq_init_priorities
                0x10000e84       0x24 CMakeFiles/ssd1306.dir/C_/VSARM/sdk/pico/pico-sdk/src/rp2_common/hardware_irq/irq.c.obj
                0x10000e84                irq_init_priorities
 .text.user_irq_claim_unused
                0x10000ea8       0x28 CMakeFiles/ssd1306.dir/C_/VSARM/sdk/pico/pico-sdk/src/rp2_common/hardware_irq/irq.c.obj
                0x10000ea8                user_irq_claim_unused
 .text.lock_init
                0x10000ed0       0x10 CMakeFiles/ssd1306.dir/C_/VSARM/sdk/pico/pico-sdk/src/common/pico_sync/lock_core.c.obj
                0x10000ed0                lock_init
 .text.mutex_init
                0x10000ee0       0x1c CMakeFiles/ssd1306.dir/C_/VSARM/sdk/pico/pico-sdk/src/common/pico_sync/mutex.c.obj
                0x10000ee0                mutex_init
 .text.recursive_mutex_init
                0x10000efc       0x1c CMakeFiles/ssd1306.dir/C_/VSARM/sdk/pico/pico-sdk/src/common/pico_sync/mutex.c.obj
                0x10000efc                recursive_mutex_init
 .text.critical_section_init
                0x10000f18       0x20 CMakeFiles/ssd1306.dir/C_/VSARM/sdk/pico/pico-sdk/src/common/pico_sync/critical_section.c.obj
                0x10000f18                critical_section_init
 .text.critical_section_init_with_lock_num
                0x10000f38       0x14 CMakeFiles/ssd1306.dir/C_/VSARM/sdk/pico/pico-sdk/src/common/pico_sync/critical_section.c.obj
                0x10000f38                critical_section_init_with_lock_num
 .text.timer_pool_entry_comparator
                0x10000f4c       0x34 CMakeFiles/ssd1306.dir/C_/VSARM/sdk/pico/pico-sdk/src/common/pico_time/time.c.obj
                0x10000f4c                timer_pool_entry_comparator
 .text.sleep_until_callback
                0x10000f80       0x30 CMakeFiles/ssd1306.dir/C_/VSARM/sdk/pico/pico-sdk/src/common/pico_time/time.c.obj
 .text.add_alarm_under_lock.isra.0
                0x10000fb0      0x100 CMakeFiles/ssd1306.dir/C_/VSARM/sdk/pico/pico-sdk/src/common/pico_time/time.c.obj
 .text.alarm_pool_alarm_callback
                0x100010b0      0x1bc CMakeFiles/ssd1306.dir/C_/VSARM/sdk/pico/pico-sdk/src/common/pico_time/time.c.obj
 .text.alarm_pool_init_default
                0x1000126c       0x6c CMakeFiles/ssd1306.dir/C_/VSARM/sdk/pico/pico-sdk/src/common/pico_time/time.c.obj
                0x1000126c                alarm_pool_init_default
 .text.alarm_pool_get_default
                0x100012d8        0x8 CMakeFiles/ssd1306.dir/C_/VSARM/sdk/pico/pico-sdk/src/common/pico_time/time.c.obj
                0x100012d8                alarm_pool_get_default
 .text.alarm_pool_add_alarm_at
                0x100012e0      0x178 CMakeFiles/ssd1306.dir/C_/VSARM/sdk/pico/pico-sdk/src/common/pico_time/time.c.obj
                0x100012e0                alarm_pool_add_alarm_at
 .text.alarm_pool_core_num
                0x10001458        0x4 CMakeFiles/ssd1306.dir/C_/VSARM/sdk/pico/pico-sdk/src/common/pico_time/time.c.obj
                0x10001458                alarm_pool_core_num
 .text.best_effort_wfe_or_timeout
                0x1000145c       0xd4 CMakeFiles/ssd1306.dir/C_/VSARM/sdk/pico/pico-sdk/src/common/pico_time/time.c.obj
                0x1000145c                best_effort_wfe_or_timeout
 .text.check_single_timeout_us
                0x10001530       0x28 CMakeFiles/ssd1306.dir/C_/VSARM/sdk/pico/pico-sdk/src/common/pico_time/timeout_helper.c.obj
 .text.init_single_timeout_until
                0x10001558        0xc CMakeFiles/ssd1306.dir/C_/VSARM/sdk/pico/pico-sdk/src/common/pico_time/timeout_helper.c.obj
                0x10001558                init_single_timeout_until
 .text.hardware_alarm_irq_handler
                0x10001564       0xbc CMakeFiles/ssd1306.dir/C_/VSARM/sdk/pico/pico-sdk/src/rp2_common/hardware_timer/timer.c.obj
 .text.hardware_alarm_claim
                0x10001620       0x18 CMakeFiles/ssd1306.dir/C_/VSARM/sdk/pico/pico-sdk/src/rp2_common/hardware_timer/timer.c.obj
                0x10001620                hardware_alarm_claim
 .text.time_us_64
                0x10001638       0x14 CMakeFiles/ssd1306.dir/C_/VSARM/sdk/pico/pico-sdk/src/rp2_common/hardware_timer/timer.c.obj
                0x10001638                time_us_64
 .text.busy_wait_us
                0x1000164c       0x54 CMakeFiles/ssd1306.dir/C_/VSARM/sdk/pico/pico-sdk/src/rp2_common/hardware_timer/timer.c.obj
                0x1000164c                busy_wait_us
 .text.busy_wait_ms
                0x100016a0       0x88 CMakeFiles/ssd1306.dir/C_/VSARM/sdk/pico/pico-sdk/src/rp2_common/hardware_timer/timer.c.obj
                0x100016a0                busy_wait_ms
 .text.hardware_alarm_set_callback
                0x10001728       0x8c CMakeFiles/ssd1306.dir/C_/VSARM/sdk/pico/pico-sdk/src/rp2_common/hardware_timer/timer.c.obj
                0x10001728                hardware_alarm_set_callback
 .text.hardware_alarm_set_target
                0x100017b4       0xd4 CMakeFiles/ssd1306.dir/C_/VSARM/sdk/pico/pico-sdk/src/rp2_common/hardware_timer/timer.c.obj
                0x100017b4                hardware_alarm_set_target
 .text.hardware_alarm_cancel
                0x10001888       0x3c CMakeFiles/ssd1306.dir/C_/VSARM/sdk/pico/pico-sdk/src/rp2_common/hardware_timer/timer.c.obj
                0x10001888                hardware_alarm_cancel
 .text.ph_merge_nodes
                0x100018c4       0x68 CMakeFiles/ssd1306.dir/C_/VSARM/sdk/pico/pico-sdk/src/common/pico_util/pheap.c.obj
 .text.ph_post_alloc_init
                0x1000192c       0x3c CMakeFiles/ssd1306.dir/C_/VSARM/sdk/pico/pico-sdk/src/common/pico_util/pheap.c.obj
                0x1000192c                ph_post_alloc_init
 .text.ph_merge_two_pass
                0x10001968       0x90 CMakeFiles/ssd1306.dir/C_/VSARM/sdk/pico/pico-sdk/src/common/pico_util/pheap.c.obj
                0x10001968                ph_merge_two_pass
 .text.ph_remove_any_head
                0x100019f8      0x100 CMakeFiles/ssd1306.dir/C_/VSARM/sdk/pico/pico-sdk/src/common/pico_util/pheap.c.obj
 .text.ph_remove_head
                0x10001af8      0x104 CMakeFiles/ssd1306.dir/C_/VSARM/sdk/pico/pico-sdk/src/common/pico_util/pheap.c.obj
                0x10001af8                ph_remove_head
 .text.ph_remove_and_free_node
                0x10001bfc       0x7c CMakeFiles/ssd1306.dir/C_/VSARM/sdk/pico/pico-sdk/src/common/pico_util/pheap.c.obj
                0x10001bfc                ph_remove_and_free_node
 .text.clocks_init
                0x10001c78      0x2d0 CMakeFiles/ssd1306.dir/C_/VSARM/sdk/pico/pico-sdk/src/rp2_common/hardware_clocks/clocks.c.obj
                0x10001c78                clocks_init
 .text.clock_get_hz
                0x10001f48        0xc CMakeFiles/ssd1306.dir/C_/VSARM/sdk/pico/pico-sdk/src/rp2_common/hardware_clocks/clocks.c.obj
                0x10001f48                clock_get_hz
 .text.pll_init
                0x10001f54       0xa0 CMakeFiles/ssd1306.dir/C_/VSARM/sdk/pico/pico-sdk/src/rp2_common/hardware_pll/pll.c.obj
                0x10001f54                pll_init
 .text.watchdog_start_tick
                0x10001ff4       0x10 CMakeFiles/ssd1306.dir/C_/VSARM/sdk/pico/pico-sdk/src/rp2_common/hardware_watchdog/watchdog.c.obj
                0x10001ff4                watchdog_start_tick
 .text.watchdog_reboot
                0x10002004       0x98 CMakeFiles/ssd1306.dir/C_/VSARM/sdk/pico/pico-sdk/src/rp2_common/hardware_watchdog/watchdog.c.obj
                0x10002004                watchdog_reboot
 .text.xosc_init
                0x1000209c       0x28 CMakeFiles/ssd1306.dir/C_/VSARM/sdk/pico/pico-sdk/src/rp2_common/hardware_xosc/xosc.c.obj
                0x1000209c                xosc_init
 .text.runtime_init
                0x100020c4       0xf0 CMakeFiles/ssd1306.dir/C_/VSARM/sdk/pico/pico-sdk/src/rp2_common/pico_runtime/runtime.c.obj
                0x100020c4                runtime_init
 .text._exit    0x100021b4        0x4 CMakeFiles/ssd1306.dir/C_/VSARM/sdk/pico/pico-sdk/src/rp2_common/pico_runtime/runtime.c.obj
                0x100021b4                _exit
 .text._sbrk    0x100021b8       0x34 CMakeFiles/ssd1306.dir/C_/VSARM/sdk/pico/pico-sdk/src/rp2_common/pico_runtime/runtime.c.obj
                0x100021b8                _sbrk
 .text._getpid  0x100021ec        0x4 CMakeFiles/ssd1306.dir/C_/VSARM/sdk/pico/pico-sdk/src/rp2_common/pico_runtime/runtime.c.obj
                0x100021ec                _getpid
 .text._kill    0x100021f0        0x8 CMakeFiles/ssd1306.dir/C_/VSARM/sdk/pico/pico-sdk/src/rp2_common/pico_runtime/runtime.c.obj
                0x100021f0                _kill
 .text.exit     0x100021f8        0x8 CMakeFiles/ssd1306.dir/C_/VSARM/sdk/pico/pico-sdk/src/rp2_common/pico_runtime/runtime.c.obj
                0x100021f8                exit
 .text.panic    0x10002200       0x30 CMakeFiles/ssd1306.dir/C_/VSARM/sdk/pico/pico-sdk/src/rp2_common/pico_runtime/runtime.c.obj
                0x10002200                panic
 .text.hard_assertion_failure
                0x10002230        0xc CMakeFiles/ssd1306.dir/C_/VSARM/sdk/pico/pico-sdk/src/rp2_common/pico_runtime/runtime.c.obj
                0x10002230                hard_assertion_failure
 .text._out_buffer
                0x1000223c        0x8 CMakeFiles/ssd1306.dir/C_/VSARM/sdk/pico/pico-sdk/src/rp2_common/pico_printf/printf.c.obj
 .text._out_null
                0x10002244        0x4 CMakeFiles/ssd1306.dir/C_/VSARM/sdk/pico/pico-sdk/src/rp2_common/pico_printf/printf.c.obj
 .text._out_rev
                0x10002248       0x9c CMakeFiles/ssd1306.dir/C_/VSARM/sdk/pico/pico-sdk/src/rp2_common/pico_printf/printf.c.obj
 .text._ntoa_format
                0x100022e4      0x1cc CMakeFiles/ssd1306.dir/C_/VSARM/sdk/pico/pico-sdk/src/rp2_common/pico_printf/printf.c.obj
 .text._out_char
                0x100024b0       0x10 CMakeFiles/ssd1306.dir/C_/VSARM/sdk/pico/pico-sdk/src/rp2_common/pico_printf/printf.c.obj
 .text._out_fct
                0x100024c0       0x10 CMakeFiles/ssd1306.dir/C_/VSARM/sdk/pico/pico-sdk/src/rp2_common/pico_printf/printf.c.obj
 .text._etoa    0x100024d0      0x44c CMakeFiles/ssd1306.dir/C_/VSARM/sdk/pico/pico-sdk/src/rp2_common/pico_printf/printf.c.obj
 .text._ftoa    0x1000291c      0x398 CMakeFiles/ssd1306.dir/C_/VSARM/sdk/pico/pico-sdk/src/rp2_common/pico_printf/printf.c.obj
 .text._vsnprintf
                0x10002cb4      0xb04 CMakeFiles/ssd1306.dir/C_/VSARM/sdk/pico/pico-sdk/src/rp2_common/pico_printf/printf.c.obj
 .text.__wrap_sprintf
                0x100037b8       0x28 CMakeFiles/ssd1306.dir/C_/VSARM/sdk/pico/pico-sdk/src/rp2_common/pico_printf/printf.c.obj
                0x100037b8                __wrap_sprintf
 .text.vfctprintf
                0x100037e0       0x20 CMakeFiles/ssd1306.dir/C_/VSARM/sdk/pico/pico-sdk/src/rp2_common/pico_printf/printf.c.obj
                0x100037e0                vfctprintf
 .text.weak_raw_vprintf
                0x10003800       0x30 CMakeFiles/ssd1306.dir/C_/VSARM/sdk/pico/pico-sdk/src/rp2_common/pico_printf/printf.c.obj
                0x10003800                weak_raw_vprintf
 .text          0x10003830       0x10 CMakeFiles/ssd1306.dir/C_/VSARM/sdk/pico/pico-sdk/src/rp2_common/pico_bit_ops/bit_ops_aeabi.S.obj
 .text.rom_func_lookup
                0x10003840       0x10 CMakeFiles/ssd1306.dir/C_/VSARM/sdk/pico/pico-sdk/src/rp2_common/pico_bootrom/bootrom.c.obj
                0x10003840                rom_func_lookup
 .text.rom_data_lookup
                0x10003850       0x10 CMakeFiles/ssd1306.dir/C_/VSARM/sdk/pico/pico-sdk/src/rp2_common/pico_bootrom/bootrom.c.obj
                0x10003850                rom_data_lookup
 .text.rom_funcs_lookup
                0x10003860       0x44 CMakeFiles/ssd1306.dir/C_/VSARM/sdk/pico/pico-sdk/src/rp2_common/pico_bootrom/bootrom.c.obj
                0x10003860                rom_funcs_lookup
 .text.__wrap___aeabi_idiv
                0x100038a4       0x50 CMakeFiles/ssd1306.dir/C_/VSARM/sdk/pico/pico-sdk/src/rp2_common/pico_divider/divider.S.obj
                0x100038a4                __wrap___aeabi_idivmod
                0x100038a4                divmod_s32s32
                0x100038a4                div_s32s32
                0x100038a4                __wrap___aeabi_idiv
                0x100038ac                divmod_s32s32_unsafe
                0x100038d8                divmod_s32s32_savestate
 .text.__wrap___aeabi_uidiv
                0x100038f4       0x4c CMakeFiles/ssd1306.dir/C_/VSARM/sdk/pico/pico-sdk/src/rp2_common/pico_divider/divider.S.obj
                0x100038f4                __wrap___aeabi_uidiv
                0x100038f4                __wrap___aeabi_uidivmod
                0x100038f4                div_u32u32
                0x100038f4                divmod_u32u32
                0x100038fc                divmod_u32u32_unsafe
                0x10003924                divmod_u32u32_savestate
 .text.__wrap___aeabi_ldiv
                0x10003940      0x424 CMakeFiles/ssd1306.dir/C_/VSARM/sdk/pico/pico-sdk/src/rp2_common/pico_divider/divider.S.obj
                0x10003940                div_s64s64
                0x10003940                divmod_s64s64
                0x10003940                __wrap___aeabi_ldivmod
                0x10003970                divmod_u64u64
                0x10003970                div_u64u64
                0x10003970                __wrap___aeabi_uldivmod
                0x10003980                divmod_u64u64_savestate
                0x100039a0                divmod_s64s64_unsafe
                0x10003a28                divmod_u64u64_unsafe
 .text.__wrap___aeabi_darithmetic
                0x10003d64       0x80 CMakeFiles/ssd1306.dir/C_/VSARM/sdk/pico/pico-sdk/src/rp2_common/pico_double/double_aeabi.S.obj
                0x10003d64                __wrap___aeabi_drsub
                0x10003d6a                __wrap___aeabi_dsub
                0x10003d7c                __wrap___aeabi_dadd
                0x10003d8e                __wrap___aeabi_ddiv
                0x10003dca                __wrap___aeabi_dmul
 .text.__wrap___aeabi_cdcmple
                0x10003de4       0x6c CMakeFiles/ssd1306.dir/C_/VSARM/sdk/pico/pico-sdk/src/rp2_common/pico_double/double_aeabi.S.obj
                0x10003de4                __wrap___aeabi_cdrcmple
                0x10003df4                __wrap___aeabi_cdcmpeq
                0x10003df4                __wrap___aeabi_cdcmple
 .text.__wrap___aeabi_dcmplt
                0x10003e50        0xc CMakeFiles/ssd1306.dir/C_/VSARM/sdk/pico/pico-sdk/src/rp2_common/pico_double/double_aeabi.S.obj
                0x10003e50                __wrap___aeabi_dcmplt
 .text.__wrap___aeabi_dcmple
                0x10003e5c       0x10 CMakeFiles/ssd1306.dir/C_/VSARM/sdk/pico/pico-sdk/src/rp2_common/pico_double/double_aeabi.S.obj
                0x10003e5c                __wrap___aeabi_dcmple
 .text.__wrap___aeabi_dcmpge
                0x10003e6c       0x10 CMakeFiles/ssd1306.dir/C_/VSARM/sdk/pico/pico-sdk/src/rp2_common/pico_double/double_aeabi.S.obj
                0x10003e6c                __wrap___aeabi_dcmpge
 .text.__wrap___aeabi_dcmpgt
                0x10003e7c        0xa CMakeFiles/ssd1306.dir/C_/VSARM/sdk/pico/pico-sdk/src/rp2_common/pico_double/double_aeabi.S.obj
                0x10003e7c                __wrap___aeabi_dcmpgt
 .text.__wrap___aeabi_dcmpun
                0x10003e86       0x1c CMakeFiles/ssd1306.dir/C_/VSARM/sdk/pico/pico-sdk/src/rp2_common/pico_double/double_aeabi.S.obj
                0x10003e86                __wrap___aeabi_dcmpun
 *fill*         0x10003ea2        0x2 
 .text.__wrap___aeabi_i2d
                0x10003ea4       0x38 CMakeFiles/ssd1306.dir/C_/VSARM/sdk/pico/pico-sdk/src/rp2_common/pico_double/double_aeabi.S.obj
                0x10003ea4                __wrap___aeabi_ui2d
                0x10003eac                __wrap___aeabi_i2d
 .text.__wrap___aeabi_d2iz
                0x10003edc       0x48 CMakeFiles/ssd1306.dir/C_/VSARM/sdk/pico/pico-sdk/src/rp2_common/pico_double/double_aeabi.S.obj
                0x10003edc                double2int_z
                0x10003edc                __wrap___aeabi_d2iz
 .text.__wrap___aeabi_d2uiz
                0x10003f24       0x18 CMakeFiles/ssd1306.dir/C_/VSARM/sdk/pico/pico-sdk/src/rp2_common/pico_double/double_aeabi.S.obj
                0x10003f24                __wrap___aeabi_d2uiz
                0x10003f24                double2uint
 .text.__aeabi_double_init
                0x10003f3c       0x94 CMakeFiles/ssd1306.dir/C_/VSARM/sdk/pico/pico-sdk/src/rp2_common/pico_double/double_init_rom.c.obj
                0x10003f3c                __aeabi_double_init
 .text.double_table_shim_on_use_helper
                0x10003fd0       0x2c CMakeFiles/ssd1306.dir/C_/VSARM/sdk/pico/pico-sdk/src/rp2_common/pico_double/double_v1_rom_shim.S.obj
                0x10003fd0                double_table_shim_on_use_helper
 .text.__wrap___aeabi_dsub
                0x10003ffc       0x10 CMakeFiles/ssd1306.dir/C_/VSARM/sdk/pico/pico-sdk/src/rp2_common/pico_double/double_v1_rom_shim.S.obj
                0x10003ffc                drsub_shim
                0x10004002                dsub_shim
 .text.dadd_shim
                0x1000400c      0x15c CMakeFiles/ssd1306.dir/C_/VSARM/sdk/pico/pico-sdk/src/rp2_common/pico_double/double_v1_rom_shim.S.obj
                0x1000400c                dadd_shim
 .text.dmul_shim
                0x10004168      0x15c CMakeFiles/ssd1306.dir/C_/VSARM/sdk/pico/pico-sdk/src/rp2_common/pico_double/double_v1_rom_shim.S.obj
                0x10004168                dmul_shim
 .text.ddiv_shim
                0x100042c4      0x1b0 CMakeFiles/ssd1306.dir/C_/VSARM/sdk/pico/pico-sdk/src/rp2_common/pico_double/double_v1_rom_shim.S.obj
                0x100042c4                ddiv_shim
 .text.double2uint_shim
                0x10004474        0xe CMakeFiles/ssd1306.dir/C_/VSARM/sdk/pico/pico-sdk/src/rp2_common/pico_double/double_v1_rom_shim.S.obj
                0x10004474                double2uint_shim
                0x10004476                double2ufix_shim
 *fill*         0x10004482        0x2 
 .text.double2uint64_shim
                0x10004484       0x70 CMakeFiles/ssd1306.dir/C_/VSARM/sdk/pico/pico-sdk/src/rp2_common/pico_double/double_v1_rom_shim.S.obj
                0x10004484                double2uint64_shim
                0x10004486                double2ufix64_shim
                0x100044a6                d2fix_a
 .text.dunpacks
                0x100044f4       0x3c CMakeFiles/ssd1306.dir/C_/VSARM/sdk/pico/pico-sdk/src/rp2_common/pico_double/double_v1_rom_shim.S.obj
                0x100044f4                dunpacks
 .text.__aeabi_lmul
                0x10004530       0x32 CMakeFiles/ssd1306.dir/C_/VSARM/sdk/pico/pico-sdk/src/rp2_common/pico_int64_ops/pico_int64_ops_aeabi.S.obj
                0x10004530                __wrap___aeabi_lmul
 *fill*         0x10004562        0x2 
 .text.__aeabi_float_init
                0x10004564       0x64 CMakeFiles/ssd1306.dir/C_/VSARM/sdk/pico/pico-sdk/src/rp2_common/pico_float/float_init_rom.c.obj
                0x10004564                __aeabi_float_init
 .text.float_table_shim_on_use_helper
                0x100045c8       0x2c CMakeFiles/ssd1306.dir/C_/VSARM/sdk/pico/pico-sdk/src/rp2_common/pico_float/float_v1_rom_shim.S.obj
                0x100045c8                float_table_shim_on_use_helper
 .text.__wrap_malloc
                0x100045f4       0x24 CMakeFiles/ssd1306.dir/C_/VSARM/sdk/pico/pico-sdk/src/rp2_common/pico_malloc/pico_malloc.c.obj
                0x100045f4                __wrap_malloc
 .text.__wrap_realloc
                0x10004618       0x24 CMakeFiles/ssd1306.dir/C_/VSARM/sdk/pico/pico-sdk/src/rp2_common/pico_malloc/pico_malloc.c.obj
                0x10004618                __wrap_realloc
 .text.__wrap_free
                0x1000463c        0x8 CMakeFiles/ssd1306.dir/C_/VSARM/sdk/pico/pico-sdk/src/rp2_common/pico_malloc/pico_malloc.c.obj
                0x1000463c                __wrap_free
 .text          0x10004644       0x10 CMakeFiles/ssd1306.dir/C_/VSARM/sdk/pico/pico-sdk/src/rp2_common/pico_mem_ops/mem_ops_aeabi.S.obj
                0x10004644                __aeabi_mem_init
 .text.memset   0x10004654        0xc CMakeFiles/ssd1306.dir/C_/VSARM/sdk/pico/pico-sdk/src/rp2_common/pico_mem_ops/mem_ops_aeabi.S.obj
                0x10004654                __wrap_memset
 .text.memcpy   0x10004660        0xc CMakeFiles/ssd1306.dir/C_/VSARM/sdk/pico/pico-sdk/src/rp2_common/pico_mem_ops/mem_ops_aeabi.S.obj
                0x10004660                __wrap_memcpy
                0x10004660                __wrap___aeabi_memcpy
 .text._ZdlPvj  0x1000466c        0x8 CMakeFiles/ssd1306.dir/C_/VSARM/sdk/pico/pico-sdk/src/rp2_common/pico_standard_link/new_delete.cpp.obj
                0x1000466c                operator delete(void*, unsigned int)
 .text.stdio_out_chars_no_crlf
                0x10004674       0x10 CMakeFiles/ssd1306.dir/C_/VSARM/sdk/pico/pico-sdk/src/rp2_common/pico_stdio/stdio.c.obj
 .text.stdio_out_chars_crlf
                0x10004684       0xb4 CMakeFiles/ssd1306.dir/C_/VSARM/sdk/pico/pico-sdk/src/rp2_common/pico_stdio/stdio.c.obj
 .text.stdio_buffered_printer
                0x10004738       0x64 CMakeFiles/ssd1306.dir/C_/VSARM/sdk/pico/pico-sdk/src/rp2_common/pico_stdio/stdio.c.obj
 .text.stdio_put_string.isra.0
                0x1000479c       0xfc CMakeFiles/ssd1306.dir/C_/VSARM/sdk/pico/pico-sdk/src/rp2_common/pico_stdio/stdio.c.obj
 .text.__wrap_putchar
                0x10004898       0x98 CMakeFiles/ssd1306.dir/C_/VSARM/sdk/pico/pico-sdk/src/rp2_common/pico_stdio/stdio.c.obj
                0x10004898                __wrap_putchar
 .text.__wrap_puts
                0x10004930       0x3c CMakeFiles/ssd1306.dir/C_/VSARM/sdk/pico/pico-sdk/src/rp2_common/pico_stdio/stdio.c.obj
                0x10004930                __wrap_puts
 .text._read    0x1000496c       0x94 CMakeFiles/ssd1306.dir/C_/VSARM/sdk/pico/pico-sdk/src/rp2_common/pico_stdio/stdio.c.obj
                0x1000496c                _read
 .text._write   0x10004a00       0xac CMakeFiles/ssd1306.dir/C_/VSARM/sdk/pico/pico-sdk/src/rp2_common/pico_stdio/stdio.c.obj
                0x10004a00                _write
 .text._close   0x10004aac        0x8 CMakeFiles/ssd1306.dir/C_/VSARM/sdk/pico/pico-sdk/src/rp2_common/pico_stdio/stdio.c.obj
                0x10004aac                _close
 .text._lseek   0x10004ab4        0x8 CMakeFiles/ssd1306.dir/C_/VSARM/sdk/pico/pico-sdk/src/rp2_common/pico_stdio/stdio.c.obj
                0x10004ab4                _lseek
 .text._fstat   0x10004abc        0x8 CMakeFiles/ssd1306.dir/C_/VSARM/sdk/pico/pico-sdk/src/rp2_common/pico_stdio/stdio.c.obj
                0x10004abc                _fstat
 .text._isatty  0x10004ac4        0xc CMakeFiles/ssd1306.dir/C_/VSARM/sdk/pico/pico-sdk/src/rp2_common/pico_stdio/stdio.c.obj
                0x10004ac4                _isatty
 .text.stdio_set_driver_enabled
                0x10004ad0       0x30 CMakeFiles/ssd1306.dir/C_/VSARM/sdk/pico/pico-sdk/src/rp2_common/pico_stdio/stdio.c.obj
                0x10004ad0                stdio_set_driver_enabled
 .text.__wrap_vprintf
                0x10004b00       0xd8 CMakeFiles/ssd1306.dir/C_/VSARM/sdk/pico/pico-sdk/src/rp2_common/pico_stdio/stdio.c.obj
                0x10004b00                __wrap_vprintf
 .text.__wrap_printf
                0x10004bd8       0x18 CMakeFiles/ssd1306.dir/C_/VSARM/sdk/pico/pico-sdk/src/rp2_common/pico_stdio/stdio.c.obj
                0x10004bd8                __wrap_printf
 .text.stdio_init_all
                0x10004bf0        0x8 CMakeFiles/ssd1306.dir/C_/VSARM/sdk/pico/pico-sdk/src/rp2_common/pico_stdio/stdio.c.obj
                0x10004bf0                stdio_init_all
 .text.resetd_init
                0x10004bf8        0x4 CMakeFiles/ssd1306.dir/C_/VSARM/sdk/pico/pico-sdk/src/rp2_common/pico_stdio_usb/reset_interface.c.obj
 .text.resetd_reset
                0x10004bfc        0xc CMakeFiles/ssd1306.dir/C_/VSARM/sdk/pico/pico-sdk/src/rp2_common/pico_stdio_usb/reset_interface.c.obj
 .text.resetd_open
                0x10004c08       0x28 CMakeFiles/ssd1306.dir/C_/VSARM/sdk/pico/pico-sdk/src/rp2_common/pico_stdio_usb/reset_interface.c.obj
 .text.resetd_xfer_cb
                0x10004c30        0x4 CMakeFiles/ssd1306.dir/C_/VSARM/sdk/pico/pico-sdk/src/rp2_common/pico_stdio_usb/reset_interface.c.obj
 .text.resetd_control_xfer_cb
                0x10004c34       0x64 CMakeFiles/ssd1306.dir/C_/VSARM/sdk/pico/pico-sdk/src/rp2_common/pico_stdio_usb/reset_interface.c.obj
 .text.usbd_app_driver_get_cb
                0x10004c98        0xc CMakeFiles/ssd1306.dir/C_/VSARM/sdk/pico/pico-sdk/src/rp2_common/pico_stdio_usb/reset_interface.c.obj
                0x10004c98                usbd_app_driver_get_cb
 .text.tud_cdc_line_coding_cb
                0x10004ca4       0x34 CMakeFiles/ssd1306.dir/C_/VSARM/sdk/pico/pico-sdk/src/rp2_common/pico_stdio_usb/reset_interface.c.obj
                0x10004ca4                tud_cdc_line_coding_cb
 .text.stdio_usb_set_chars_available_callback
                0x10004cd8       0x14 CMakeFiles/ssd1306.dir/C_/VSARM/sdk/pico/pico-sdk/src/rp2_common/pico_stdio_usb/stdio_usb.c.obj
                0x10004cd8                stdio_usb_set_chars_available_callback
 .text.usb_irq  0x10004cec       0x10 CMakeFiles/ssd1306.dir/C_/VSARM/sdk/pico/pico-sdk/src/rp2_common/pico_stdio_usb/stdio_usb.c.obj
 .text.timer_task
                0x10004cfc       0x54 CMakeFiles/ssd1306.dir/C_/VSARM/sdk/pico/pico-sdk/src/rp2_common/pico_stdio_usb/stdio_usb.c.obj
 .text.stdio_usb_in_chars
                0x10004d50       0x90 CMakeFiles/ssd1306.dir/C_/VSARM/sdk/pico/pico-sdk/src/rp2_common/pico_stdio_usb/stdio_usb.c.obj
                0x10004d50                stdio_usb_in_chars
 .text.stdio_usb_out_chars
                0x10004de0      0x100 CMakeFiles/ssd1306.dir/C_/VSARM/sdk/pico/pico-sdk/src/rp2_common/pico_stdio_usb/stdio_usb.c.obj
 .text.low_priority_worker_irq
                0x10004ee0       0xa8 CMakeFiles/ssd1306.dir/C_/VSARM/sdk/pico/pico-sdk/src/rp2_common/pico_stdio_usb/stdio_usb.c.obj
 .text.tud_cdc_rx_cb
                0x10004f88       0x20 CMakeFiles/ssd1306.dir/C_/VSARM/sdk/pico/pico-sdk/src/rp2_common/pico_stdio_usb/stdio_usb.c.obj
                0x10004f88                tud_cdc_rx_cb
 .text.stdio_usb_init
                0x10004fa8       0xdc CMakeFiles/ssd1306.dir/C_/VSARM/sdk/pico/pico-sdk/src/rp2_common/pico_stdio_usb/stdio_usb.c.obj
                0x10004fa8                stdio_usb_init
 .text.tud_descriptor_device_cb
                0x10005084        0x8 CMakeFiles/ssd1306.dir/C_/VSARM/sdk/pico/pico-sdk/src/rp2_common/pico_stdio_usb/stdio_usb_descriptors.c.obj
                0x10005084                tud_descriptor_device_cb
 .text.tud_descriptor_configuration_cb
                0x1000508c        0x8 CMakeFiles/ssd1306.dir/C_/VSARM/sdk/pico/pico-sdk/src/rp2_common/pico_stdio_usb/stdio_usb_descriptors.c.obj
                0x1000508c                tud_descriptor_configuration_cb
 .text.tud_descriptor_string_cb
                0x10005094       0x74 CMakeFiles/ssd1306.dir/C_/VSARM/sdk/pico/pico-sdk/src/rp2_common/pico_stdio_usb/stdio_usb_descriptors.c.obj
                0x10005094                tud_descriptor_string_cb
 .text.startup._retrieve_unique_id_on_boot
                0x10005108       0x10 CMakeFiles/ssd1306.dir/C_/VSARM/sdk/pico/pico-sdk/src/rp2_common/pico_unique_id/unique_id.c.obj
 .text.pico_get_unique_board_id_string
                0x10005118      0x1a8 CMakeFiles/ssd1306.dir/C_/VSARM/sdk/pico/pico-sdk/src/rp2_common/pico_unique_id/unique_id.c.obj
                0x10005118                pico_get_unique_board_id_string
 .text.flash_get_unique_id
                0x100052c0       0x40 CMakeFiles/ssd1306.dir/C_/VSARM/sdk/pico/pico-sdk/src/rp2_common/hardware_flash/flash.c.obj
                0x100052c0                flash_get_unique_id
 .text.dcd_int_enable
                0x10005300        0xc CMakeFiles/ssd1306.dir/C_/VSARM/sdk/pico/pico-sdk/lib/tinyusb/src/portable/raspberrypi/rp2040/dcd_rp2040.c.obj
                0x10005300                dcd_int_enable
 .text.dcd_set_address
                0x1000530c       0x14 CMakeFiles/ssd1306.dir/C_/VSARM/sdk/pico/pico-sdk/lib/tinyusb/src/portable/raspberrypi/rp2040/dcd_rp2040.c.obj
                0x1000530c                dcd_set_address
 .text.dcd_connect
                0x10005320       0x10 CMakeFiles/ssd1306.dir/C_/VSARM/sdk/pico/pico-sdk/lib/tinyusb/src/portable/raspberrypi/rp2040/dcd_rp2040.c.obj
                0x10005320                dcd_connect
 .text.dcd_init
                0x10005330       0x98 CMakeFiles/ssd1306.dir/C_/VSARM/sdk/pico/pico-sdk/lib/tinyusb/src/portable/raspberrypi/rp2040/dcd_rp2040.c.obj
                0x10005330                dcd_init
 .text.dcd_edpt0_status_complete
                0x100053c8       0x1c CMakeFiles/ssd1306.dir/C_/VSARM/sdk/pico/pico-sdk/lib/tinyusb/src/portable/raspberrypi/rp2040/dcd_rp2040.c.obj
                0x100053c8                dcd_edpt0_status_complete
 .text.dcd_edpt_open
                0x100053e4      0x108 CMakeFiles/ssd1306.dir/C_/VSARM/sdk/pico/pico-sdk/lib/tinyusb/src/portable/raspberrypi/rp2040/dcd_rp2040.c.obj
                0x100053e4                dcd_edpt_open
 .text.dcd_edpt_close_all
                0x100054ec        0x8 CMakeFiles/ssd1306.dir/C_/VSARM/sdk/pico/pico-sdk/lib/tinyusb/src/portable/raspberrypi/rp2040/dcd_rp2040.c.obj
                0x100054ec                dcd_edpt_close_all
 .text.dcd_edpt_xfer
                0x100054f4       0x24 CMakeFiles/ssd1306.dir/C_/VSARM/sdk/pico/pico-sdk/lib/tinyusb/src/portable/raspberrypi/rp2040/dcd_rp2040.c.obj
                0x100054f4                dcd_edpt_xfer
 .text.dcd_edpt_stall
                0x10005518       0x38 CMakeFiles/ssd1306.dir/C_/VSARM/sdk/pico/pico-sdk/lib/tinyusb/src/portable/raspberrypi/rp2040/dcd_rp2040.c.obj
                0x10005518                dcd_edpt_stall
 .text.dcd_edpt_clear_stall
                0x10005550       0x30 CMakeFiles/ssd1306.dir/C_/VSARM/sdk/pico/pico-sdk/lib/tinyusb/src/portable/raspberrypi/rp2040/dcd_rp2040.c.obj
                0x10005550                dcd_edpt_clear_stall
 .text.rp2040_usb_init
                0x10005580       0x4c CMakeFiles/ssd1306.dir/C_/VSARM/sdk/pico/pico-sdk/lib/tinyusb/src/portable/raspberrypi/rp2040/rp2040_usb.c.obj
                0x10005580                rp2040_usb_init
 .text.hw_endpoint_xfer_start
                0x100055cc       0x50 CMakeFiles/ssd1306.dir/C_/VSARM/sdk/pico/pico-sdk/lib/tinyusb/src/portable/raspberrypi/rp2040/rp2040_usb.c.obj
                0x100055cc                hw_endpoint_xfer_start
 .text.tud_mounted
                0x1000561c       0x10 CMakeFiles/ssd1306.dir/C_/VSARM/sdk/pico/pico-sdk/lib/tinyusb/src/device/usbd.c.obj
                0x1000561c                tud_mounted
 .text.tud_suspended
                0x1000562c       0x10 CMakeFiles/ssd1306.dir/C_/VSARM/sdk/pico/pico-sdk/lib/tinyusb/src/device/usbd.c.obj
                0x1000562c                tud_suspended
 .text.tud_inited
                0x1000563c       0x14 CMakeFiles/ssd1306.dir/C_/VSARM/sdk/pico/pico-sdk/lib/tinyusb/src/device/usbd.c.obj
                0x1000563c                tud_inited
 .text.tud_init
                0x10005650       0xe4 CMakeFiles/ssd1306.dir/C_/VSARM/sdk/pico/pico-sdk/lib/tinyusb/src/device/usbd.c.obj
                0x10005650                tud_init
 .text.tud_task_ext
                0x10005734      0x854 CMakeFiles/ssd1306.dir/C_/VSARM/sdk/pico/pico-sdk/lib/tinyusb/src/device/usbd.c.obj
                0x10005734                tud_task_ext
 .text.usbd_open_edpt_pair
                0x10005f88       0x9c CMakeFiles/ssd1306.dir/C_/VSARM/sdk/pico/pico-sdk/lib/tinyusb/src/device/usbd.c.obj
                0x10005f88                usbd_open_edpt_pair
 .text.usbd_defer_func
                0x10006024       0x48 CMakeFiles/ssd1306.dir/C_/VSARM/sdk/pico/pico-sdk/lib/tinyusb/src/device/usbd.c.obj
                0x10006024                usbd_defer_func
 .text.usbd_edpt_open
                0x1000606c       0x34 CMakeFiles/ssd1306.dir/C_/VSARM/sdk/pico/pico-sdk/lib/tinyusb/src/device/usbd.c.obj
                0x1000606c                usbd_edpt_open
 .text.usbd_edpt_claim
                0x100060a0       0x28 CMakeFiles/ssd1306.dir/C_/VSARM/sdk/pico/pico-sdk/lib/tinyusb/src/device/usbd.c.obj
                0x100060a0                usbd_edpt_claim
 .text.usbd_edpt_release
                0x100060c8       0x28 CMakeFiles/ssd1306.dir/C_/VSARM/sdk/pico/pico-sdk/lib/tinyusb/src/device/usbd.c.obj
                0x100060c8                usbd_edpt_release
 .text.usbd_edpt_xfer
                0x100060f0       0x4c CMakeFiles/ssd1306.dir/C_/VSARM/sdk/pico/pico-sdk/lib/tinyusb/src/device/usbd.c.obj
                0x100060f0                usbd_edpt_xfer
 .text.tud_control_status
                0x1000613c       0x30 CMakeFiles/ssd1306.dir/C_/VSARM/sdk/pico/pico-sdk/lib/tinyusb/src/device/usbd_control.c.obj
                0x1000613c                tud_control_status
 .text.tud_control_xfer
                0x1000616c       0xbc CMakeFiles/ssd1306.dir/C_/VSARM/sdk/pico/pico-sdk/lib/tinyusb/src/device/usbd_control.c.obj
                0x1000616c                tud_control_xfer
 .text.usbd_control_reset
                0x10006228       0x14 CMakeFiles/ssd1306.dir/C_/VSARM/sdk/pico/pico-sdk/lib/tinyusb/src/device/usbd_control.c.obj
                0x10006228                usbd_control_reset
 .text.usbd_control_set_complete_callback
                0x1000623c        0xc CMakeFiles/ssd1306.dir/C_/VSARM/sdk/pico/pico-sdk/lib/tinyusb/src/device/usbd_control.c.obj
                0x1000623c                usbd_control_set_complete_callback
 .text.usbd_control_set_request
                0x10006248       0x1c CMakeFiles/ssd1306.dir/C_/VSARM/sdk/pico/pico-sdk/lib/tinyusb/src/device/usbd_control.c.obj
                0x10006248                usbd_control_set_request
 .text.usbd_control_xfer_cb
                0x10006264       0xfc CMakeFiles/ssd1306.dir/C_/VSARM/sdk/pico/pico-sdk/lib/tinyusb/src/device/usbd_control.c.obj
                0x10006264                usbd_control_xfer_cb
 .text.tud_cdc_n_connected
                0x10006360       0x30 CMakeFiles/ssd1306.dir/C_/VSARM/sdk/pico/pico-sdk/lib/tinyusb/src/class/cdc/cdc_device.c.obj
                0x10006360                tud_cdc_n_connected
 .text.tud_cdc_n_available
                0x10006390       0x18 CMakeFiles/ssd1306.dir/C_/VSARM/sdk/pico/pico-sdk/lib/tinyusb/src/class/cdc/cdc_device.c.obj
                0x10006390                tud_cdc_n_available
 .text.tud_cdc_n_read
                0x100063a8       0x70 CMakeFiles/ssd1306.dir/C_/VSARM/sdk/pico/pico-sdk/lib/tinyusb/src/class/cdc/cdc_device.c.obj
                0x100063a8                tud_cdc_n_read
 .text.tud_cdc_n_write_flush
                0x10006418       0x78 CMakeFiles/ssd1306.dir/C_/VSARM/sdk/pico/pico-sdk/lib/tinyusb/src/class/cdc/cdc_device.c.obj
                0x10006418                tud_cdc_n_write_flush
 .text.tud_cdc_n_write
                0x10006490       0x34 CMakeFiles/ssd1306.dir/C_/VSARM/sdk/pico/pico-sdk/lib/tinyusb/src/class/cdc/cdc_device.c.obj
                0x10006490                tud_cdc_n_write
 .text.tud_cdc_n_write_available
                0x100064c4       0x18 CMakeFiles/ssd1306.dir/C_/VSARM/sdk/pico/pico-sdk/lib/tinyusb/src/class/cdc/cdc_device.c.obj
                0x100064c4                tud_cdc_n_write_available
 .text.cdcd_init
                0x100064dc       0x7c CMakeFiles/ssd1306.dir/C_/VSARM/sdk/pico/pico-sdk/lib/tinyusb/src/class/cdc/cdc_device.c.obj
                0x100064dc                cdcd_init
 .text.cdcd_reset
                0x10006558       0x2c CMakeFiles/ssd1306.dir/C_/VSARM/sdk/pico/pico-sdk/lib/tinyusb/src/class/cdc/cdc_device.c.obj
                0x10006558                cdcd_reset
 .text.cdcd_open
                0x10006584       0xe8 CMakeFiles/ssd1306.dir/C_/VSARM/sdk/pico/pico-sdk/lib/tinyusb/src/class/cdc/cdc_device.c.obj
                0x10006584                cdcd_open
 .text.cdcd_control_xfer_cb
                0x1000666c       0xe4 CMakeFiles/ssd1306.dir/C_/VSARM/sdk/pico/pico-sdk/lib/tinyusb/src/class/cdc/cdc_device.c.obj
                0x1000666c                cdcd_control_xfer_cb
 .text.cdcd_xfer_cb
                0x10006750      0x148 CMakeFiles/ssd1306.dir/C_/VSARM/sdk/pico/pico-sdk/lib/tinyusb/src/class/cdc/cdc_device.c.obj
                0x10006750                cdcd_xfer_cb
 .text.tusb_init
                0x10006898        0xc CMakeFiles/ssd1306.dir/C_/VSARM/sdk/pico/pico-sdk/lib/tinyusb/src/tusb.c.obj
                0x10006898                tusb_init
 .text.tusb_inited
                0x100068a4        0x8 CMakeFiles/ssd1306.dir/C_/VSARM/sdk/pico/pico-sdk/lib/tinyusb/src/tusb.c.obj
                0x100068a4                tusb_inited
 .text.tu_edpt_claim
                0x100068ac       0x50 CMakeFiles/ssd1306.dir/C_/VSARM/sdk/pico/pico-sdk/lib/tinyusb/src/tusb.c.obj
                0x100068ac                tu_edpt_claim
 .text.tu_edpt_release
                0x100068fc       0x38 CMakeFiles/ssd1306.dir/C_/VSARM/sdk/pico/pico-sdk/lib/tinyusb/src/tusb.c.obj
                0x100068fc                tu_edpt_release
 .text.tu_edpt_validate
                0x10006934       0x78 CMakeFiles/ssd1306.dir/C_/VSARM/sdk/pico/pico-sdk/lib/tinyusb/src/tusb.c.obj
                0x10006934                tu_edpt_validate
 .text.tu_edpt_bind_driver
                0x100069ac       0x34 CMakeFiles/ssd1306.dir/C_/VSARM/sdk/pico/pico-sdk/lib/tinyusb/src/tusb.c.obj
                0x100069ac                tu_edpt_bind_driver
 .text.tu_fifo_config
                0x100069e0       0x70 CMakeFiles/ssd1306.dir/C_/VSARM/sdk/pico/pico-sdk/lib/tinyusb/src/common/tusb_fifo.c.obj
                0x100069e0                tu_fifo_config
 .text.tu_fifo_count
                0x10006a50       0x2c CMakeFiles/ssd1306.dir/C_/VSARM/sdk/pico/pico-sdk/lib/tinyusb/src/common/tusb_fifo.c.obj
                0x10006a50                tu_fifo_count
 .text.tu_fifo_empty
                0x10006a7c       0x10 CMakeFiles/ssd1306.dir/C_/VSARM/sdk/pico/pico-sdk/lib/tinyusb/src/common/tusb_fifo.c.obj
                0x10006a7c                tu_fifo_empty
 .text.tu_fifo_remaining
                0x10006a8c       0x2c CMakeFiles/ssd1306.dir/C_/VSARM/sdk/pico/pico-sdk/lib/tinyusb/src/common/tusb_fifo.c.obj
                0x10006a8c                tu_fifo_remaining
 .text.tu_fifo_read
                0x10006ab8       0xa0 CMakeFiles/ssd1306.dir/C_/VSARM/sdk/pico/pico-sdk/lib/tinyusb/src/common/tusb_fifo.c.obj
                0x10006ab8                tu_fifo_read
 .text.tu_fifo_read_n
                0x10006b58       0xec CMakeFiles/ssd1306.dir/C_/VSARM/sdk/pico/pico-sdk/lib/tinyusb/src/common/tusb_fifo.c.obj
                0x10006b58                tu_fifo_read_n
 .text.tu_fifo_write
                0x10006c44       0x88 CMakeFiles/ssd1306.dir/C_/VSARM/sdk/pico/pico-sdk/lib/tinyusb/src/common/tusb_fifo.c.obj
                0x10006c44                tu_fifo_write
 .text.tu_fifo_write_n
                0x10006ccc      0x168 CMakeFiles/ssd1306.dir/C_/VSARM/sdk/pico/pico-sdk/lib/tinyusb/src/common/tusb_fifo.c.obj
                0x10006ccc                tu_fifo_write_n
 .text.tu_fifo_clear
                0x10006e34       0x40 CMakeFiles/ssd1306.dir/C_/VSARM/sdk/pico/pico-sdk/lib/tinyusb/src/common/tusb_fifo.c.obj
                0x10006e34                tu_fifo_clear
 .text.tu_fifo_set_overwritable
                0x10006e74       0x48 CMakeFiles/ssd1306.dir/C_/VSARM/sdk/pico/pico-sdk/lib/tinyusb/src/common/tusb_fifo.c.obj
                0x10006e74                tu_fifo_set_overwritable
 .text.i2c_write_blocking_internal
                0x10006ebc      0x198 CMakeFiles/ssd1306.dir/C_/VSARM/sdk/pico/pico-sdk/src/rp2_common/hardware_i2c/i2c.c.obj
 .text.i2c_read_blocking_internal
                0x10007054      0x110 CMakeFiles/ssd1306.dir/C_/VSARM/sdk/pico/pico-sdk/src/rp2_common/hardware_i2c/i2c.c.obj
 .text.i2c_deinit
                0x10007164       0x20 CMakeFiles/ssd1306.dir/C_/VSARM/sdk/pico/pico-sdk/src/rp2_common/hardware_i2c/i2c.c.obj
                0x10007164                i2c_deinit
 .text.i2c_set_baudrate
                0x10007184       0xc4 CMakeFiles/ssd1306.dir/C_/VSARM/sdk/pico/pico-sdk/src/rp2_common/hardware_i2c/i2c.c.obj
                0x10007184                i2c_set_baudrate
 .text.i2c_init
                0x10007248       0x54 CMakeFiles/ssd1306.dir/C_/VSARM/sdk/pico/pico-sdk/src/rp2_common/hardware_i2c/i2c.c.obj
                0x10007248                i2c_init
 .text.i2c_write_blocking_until
                0x1000729c       0x48 CMakeFiles/ssd1306.dir/C_/VSARM/sdk/pico/pico-sdk/src/rp2_common/hardware_i2c/i2c.c.obj
                0x1000729c                i2c_write_blocking_until
 .text.i2c_read_blocking_until
                0x100072e4       0x48 CMakeFiles/ssd1306.dir/C_/VSARM/sdk/pico/pico-sdk/src/rp2_common/hardware_i2c/i2c.c.obj
                0x100072e4                i2c_read_blocking_until
 .text._ZN5Print17availableForWriteEv
                0x1000732c        0x4 CMakeFiles/ssd1306.dir/src/ssd1306/SSD1306_OLED.cpp.obj
                0x1000732c                Print::availableForWrite()
 .text._ZN7SSD130614I2C_Write_ByteEhh.constprop.0
                0x10007330      0x104 CMakeFiles/ssd1306.dir/src/ssd1306/SSD1306_OLED.cpp.obj
 .text._ZN7SSD13069drawPixelEssh
                0x10007434       0xb4 CMakeFiles/ssd1306.dir/src/ssd1306/SSD1306_OLED.cpp.obj
                0x10007434                SSD1306::drawPixel(short, short, unsigned char)
 .text._ZN7SSD130614I2C_Write_ByteEhh.constprop.1
                0x100074e8      0x104 CMakeFiles/ssd1306.dir/src/ssd1306/SSD1306_OLED.cpp.obj
 .text._ZN7SSD1306C2Ess
                0x100075ec       0x58 CMakeFiles/ssd1306.dir/src/ssd1306/SSD1306_OLED.cpp.obj
                0x100075ec                SSD1306::SSD1306(short, short)
                0x100075ec                SSD1306::SSD1306(short, short)
 .text._ZN7SSD130616OLEDSetBufferPtrEhhPht
                0x10007644       0x34 CMakeFiles/ssd1306.dir/src/ssd1306/SSD1306_OLED.cpp.obj
                0x10007644                SSD1306::OLEDSetBufferPtr(unsigned char, unsigned char, unsigned char*, unsigned short)
 .text._ZN7SSD130613OLEDdeI2CInitEv
                0x10007678       0x20 CMakeFiles/ssd1306.dir/src/ssd1306/SSD1306_OLED.cpp.obj
                0x10007678                SSD1306::OLEDdeI2CInit()
 .text._ZN7SSD130613OLEDPowerDownEv
                0x10007698       0x10 CMakeFiles/ssd1306.dir/src/ssd1306/SSD1306_OLED.cpp.obj
                0x10007698                SSD1306::OLEDPowerDown()
 .text._ZN7SSD13068OLEDinitEv
                0x100076a8      0x13c CMakeFiles/ssd1306.dir/src/ssd1306/SSD1306_OLED.cpp.obj
                0x100076a8                SSD1306::OLEDinit()
 .text._ZN7SSD13069OLEDbeginEhP8i2c_instthh
                0x100077e4       0xdc CMakeFiles/ssd1306.dir/src/ssd1306/SSD1306_OLED.cpp.obj
                0x100077e4                SSD1306::OLEDbegin(unsigned char, i2c_inst*, unsigned short, unsigned char, unsigned char)
 .text._ZN7SSD130614OLEDFillScreenEhh
                0x100078c0       0x84 CMakeFiles/ssd1306.dir/src/ssd1306/SSD1306_OLED.cpp.obj
                0x100078c0                SSD1306::OLEDFillScreen(unsigned char, unsigned char)
 .text._ZN7SSD130610OLEDBitmapEssssPKhbt
                0x10007944      0x24c CMakeFiles/ssd1306.dir/src/ssd1306/SSD1306_OLED.cpp.obj
                0x10007944                SSD1306::OLEDBitmap(short, short, short, short, unsigned char const*, bool, unsigned short)
 .text._ZN7SSD130615OLEDclearBufferEv
                0x10007b90       0x18 CMakeFiles/ssd1306.dir/src/ssd1306/SSD1306_OLED.cpp.obj
                0x10007b90                SSD1306::OLEDclearBuffer()
 .text._ZN7SSD130610OLEDBufferEsshhPh
                0x10007ba8       0xf4 CMakeFiles/ssd1306.dir/src/ssd1306/SSD1306_OLED.cpp.obj
                0x10007ba8                SSD1306::OLEDBuffer(short, short, unsigned char, unsigned char, unsigned char*)
 .text._ZN7SSD130610OLEDupdateEv
                0x10007c9c       0x20 CMakeFiles/ssd1306.dir/src/ssd1306/SSD1306_OLED.cpp.obj
                0x10007c9c                SSD1306::OLEDupdate()
 .text._ZN17SSD1306_OLEDFonts7setFontEPKh
                0x10007cbc       0x30 CMakeFiles/ssd1306.dir/src/ssd1306/SSD1306_OLED_graphics.cpp.obj
                0x10007cbc                SSD1306_OLEDFonts::setFont(unsigned char const*)
 .text._ZN16SSD1306_graphicsC2Ess
                0x10007cec       0x40 CMakeFiles/ssd1306.dir/src/ssd1306/SSD1306_OLED_graphics.cpp.obj
                0x10007cec                SSD1306_graphics::SSD1306_graphics(short, short)
                0x10007cec                SSD1306_graphics::SSD1306_graphics(short, short)
 .text._ZN16SSD1306_graphics9writeCharEssc
                0x10007d2c      0x1d4 CMakeFiles/ssd1306.dir/src/ssd1306/SSD1306_OLED_graphics.cpp.obj
                0x10007d2c                SSD1306_graphics::writeChar(short, short, char)
 .text._ZN16SSD1306_graphics5writeEh
                0x10007f00       0x64 CMakeFiles/ssd1306.dir/src/ssd1306/SSD1306_OLED_graphics.cpp.obj
                0x10007f00                SSD1306_graphics::write(unsigned char)
 .text._ZN16SSD1306_graphics9setCursorEss
                0x10007f64        0x8 CMakeFiles/ssd1306.dir/src/ssd1306/SSD1306_OLED_graphics.cpp.obj
                0x10007f64                SSD1306_graphics::setCursor(short, short)
 .text._ZN16SSD1306_graphics11getRotationEv
                0x10007f6c        0x4 CMakeFiles/ssd1306.dir/src/ssd1306/SSD1306_OLED_graphics.cpp.obj
                0x10007f6c                SSD1306_graphics::getRotation()
 .text._ZN5Print5writeEPKhj
                0x10007f70       0x28 CMakeFiles/ssd1306.dir/src/ssd1306/SSD1306_OLED_Print.cpp.obj
                0x10007f70                Print::write(unsigned char const*, unsigned int)
 .text._ZN5Print5printEPKc
                0x10007f98       0x60 CMakeFiles/ssd1306.dir/src/ssd1306/SSD1306_OLED_Print.cpp.obj
                0x10007f98                Print::print(char const*)
 .text.__cxa_pure_virtual
                0x10007ff8       0x14 c:/progra~2/gnuarm~1/102021~1.10/bin/../lib/gcc/arm-none-eabi/10.3.1/../../../../arm-none-eabi/lib/thumb/v6-m/nofp\libstdc++.a(pure.o)
                0x10007ff8                __cxa_pure_virtual
 .text._ZN10__cxxabiv111__terminateEPFvvE
                0x1000800c       0x28 c:/progra~2/gnuarm~1/102021~1.10/bin/../lib/gcc/arm-none-eabi/10.3.1/../../../../arm-none-eabi/lib/thumb/v6-m/nofp\libstdc++.a(eh_terminate.o)
                0x1000800c                __cxxabiv1::__terminate(void (*)())
 .text._ZSt9terminatev
                0x10008034       0x10 c:/progra~2/gnuarm~1/102021~1.10/bin/../lib/gcc/arm-none-eabi/10.3.1/../../../../arm-none-eabi/lib/thumb/v6-m/nofp\libstdc++.a(eh_terminate.o)
                0x10008034                std::terminate()
 .text._ZN10__cxxabiv112__unexpectedEPFvvE
                0x10008044        0x8 c:/progra~2/gnuarm~1/102021~1.10/bin/../lib/gcc/arm-none-eabi/10.3.1/../../../../arm-none-eabi/lib/thumb/v6-m/nofp\libstdc++.a(eh_terminate.o)
                0x10008044                __cxxabiv1::__unexpected(void (*)())
 .text._ZSt10unexpectedv
                0x1000804c       0x10 c:/progra~2/gnuarm~1/102021~1.10/bin/../lib/gcc/arm-none-eabi/10.3.1/../../../../arm-none-eabi/lib/thumb/v6-m/nofp\libstdc++.a(eh_terminate.o)
                0x1000804c                std::unexpected()
 .text._ZSt13get_terminatev
                0x1000805c        0xc c:/progra~2/gnuarm~1/102021~1.10/bin/../lib/gcc/arm-none-eabi/10.3.1/../../../../arm-none-eabi/lib/thumb/v6-m/nofp\libstdc++.a(eh_terminate.o)
                0x1000805c                std::get_terminate()
 .text._ZSt14get_unexpectedv
                0x10008068        0xc c:/progra~2/gnuarm~1/102021~1.10/bin/../lib/gcc/arm-none-eabi/10.3.1/../../../../arm-none-eabi/lib/thumb/v6-m/nofp\libstdc++.a(eh_terminate.o)
                0x10008068                std::get_unexpected()
 .text._ZN9__gnu_cxx27__verbose_terminate_handlerEv
                0x10008074      0x114 c:/progra~2/gnuarm~1/102021~1.10/bin/../lib/gcc/arm-none-eabi/10.3.1/../../../../arm-none-eabi/lib/thumb/v6-m/nofp\libstdc++.a(vterminate.o)
                0x10008074                __gnu_cxx::__verbose_terminate_handler()
 .text          0x10008188     0x67e4 c:/progra~2/gnuarm~1/102021~1.10/bin/../lib/gcc/arm-none-eabi/10.3.1/../../../../arm-none-eabi/lib/thumb/v6-m/nofp\libstdc++.a(cp-demangle.o)
                0x1000e878                __cxa_demangle
                0x1000e94c                __gcclibcxx_demangle_callback
 .text.__cxa_end_cleanup
                0x1000e96c        0xc c:/progra~2/gnuarm~1/102021~1.10/bin/../lib/gcc/arm-none-eabi/10.3.1/../../../../arm-none-eabi/lib/thumb/v6-m/nofp\libstdc++.a(eh_arm.o)
                0x1000e96c                __cxa_end_cleanup
 .text.__cxa_type_match
                0x1000e978       0xc0 c:/progra~2/gnuarm~1/102021~1.10/bin/../lib/gcc/arm-none-eabi/10.3.1/../../../../arm-none-eabi/lib/thumb/v6-m/nofp\libstdc++.a(eh_arm.o)
                0x1000e978                __cxa_type_match
 .text.__cxa_begin_cleanup
                0x1000ea38       0x60 c:/progra~2/gnuarm~1/102021~1.10/bin/../lib/gcc/arm-none-eabi/10.3.1/../../../../arm-none-eabi/lib/thumb/v6-m/nofp\libstdc++.a(eh_arm.o)
                0x1000ea38                __cxa_begin_cleanup
 .text.__gnu_end_cleanup
                0x1000ea98       0x70 c:/progra~2/gnuarm~1/102021~1.10/bin/../lib/gcc/arm-none-eabi/10.3.1/../../../../arm-none-eabi/lib/thumb/v6-m/nofp\libstdc++.a(eh_arm.o)
                0x1000ea98                __gnu_end_cleanup
 .text._ZN10__cxxabiv1L24__is_gxx_exception_classEPc
                0x1000eb08       0x3c c:/progra~2/gnuarm~1/102021~1.10/bin/../lib/gcc/arm-none-eabi/10.3.1/../../../../arm-none-eabi/lib/thumb/v6-m/nofp\libstdc++.a(eh_call.o)
 .text.__cxa_call_terminate
                0x1000eb44       0x20 c:/progra~2/gnuarm~1/102021~1.10/bin/../lib/gcc/arm-none-eabi/10.3.1/../../../../arm-none-eabi/lib/thumb/v6-m/nofp\libstdc++.a(eh_call.o)
                0x1000eb44                __cxa_call_terminate
 .text.unlikely.__cxa_call_unexpected
                0x1000eb64      0x100 c:/progra~2/gnuarm~1/102021~1.10/bin/../lib/gcc/arm-none-eabi/10.3.1/../../../../arm-none-eabi/lib/thumb/v6-m/nofp\libstdc++.a(eh_call.o)
                0x1000eb64                __cxa_call_unexpected
 .text.__cxa_begin_catch
                0x1000ec64       0x74 c:/progra~2/gnuarm~1/102021~1.10/bin/../lib/gcc/arm-none-eabi/10.3.1/../../../../arm-none-eabi/lib/thumb/v6-m/nofp\libstdc++.a(eh_catch.o)
                0x1000ec64                __cxa_begin_catch
 .text.__cxa_end_catch
                0x1000ecd8       0x90 c:/progra~2/gnuarm~1/102021~1.10/bin/../lib/gcc/arm-none-eabi/10.3.1/../../../../arm-none-eabi/lib/thumb/v6-m/nofp\libstdc++.a(eh_catch.o)
                0x1000ecd8                __cxa_end_catch
 .text._ZNSt13bad_exceptionD2Ev
                0x1000ed68        0x4 c:/progra~2/gnuarm~1/102021~1.10/bin/../lib/gcc/arm-none-eabi/10.3.1/../../../../arm-none-eabi/lib/thumb/v6-m/nofp\libstdc++.a(eh_exception.o)
                0x1000ed68                std::bad_exception::~bad_exception()
                0x1000ed68                std::bad_exception::~bad_exception()
 .text._ZNKSt13bad_exception4whatEv
                0x1000ed6c        0x8 c:/progra~2/gnuarm~1/102021~1.10/bin/../lib/gcc/arm-none-eabi/10.3.1/../../../../arm-none-eabi/lib/thumb/v6-m/nofp\libstdc++.a(eh_exception.o)
                0x1000ed6c                std::bad_exception::what() const
                0x1000ed6c                transaction clone for std::bad_exception::what() const
 .text._ZNSt13bad_exceptionD0Ev
                0x1000ed74       0x10 c:/progra~2/gnuarm~1/102021~1.10/bin/../lib/gcc/arm-none-eabi/10.3.1/../../../../arm-none-eabi/lib/thumb/v6-m/nofp\libstdc++.a(eh_exception.o)
                0x1000ed74                std::bad_exception::~bad_exception()
 .text.__cxa_get_globals_fast
                0x1000ed84        0x8 c:/progra~2/gnuarm~1/102021~1.10/bin/../lib/gcc/arm-none-eabi/10.3.1/../../../../arm-none-eabi/lib/thumb/v6-m/nofp\libstdc++.a(eh_globals.o)
                0x1000ed84                __cxa_get_globals_fast
 .text.__cxa_get_globals
                0x1000ed8c        0x8 c:/progra~2/gnuarm~1/102021~1.10/bin/../lib/gcc/arm-none-eabi/10.3.1/../../../../arm-none-eabi/lib/thumb/v6-m/nofp\libstdc++.a(eh_globals.o)
                0x1000ed8c                __cxa_get_globals
 .text._ZL28read_encoded_value_with_basehjPKhPj
                0x1000ed94      0x114 c:/progra~2/gnuarm~1/102021~1.10/bin/../lib/gcc/arm-none-eabi/10.3.1/../../../../arm-none-eabi/lib/thumb/v6-m/nofp\libstdc++.a(eh_personality.o)
 .text._ZL21base_of_encoded_valuehP15_Unwind_Context
                0x1000eea8       0x48 c:/progra~2/gnuarm~1/102021~1.10/bin/../lib/gcc/arm-none-eabi/10.3.1/../../../../arm-none-eabi/lib/thumb/v6-m/nofp\libstdc++.a(eh_personality.o)
 .text._ZL17parse_lsda_headerP15_Unwind_ContextPKhP16lsda_header_info
                0x1000eef0       0x98 c:/progra~2/gnuarm~1/102021~1.10/bin/../lib/gcc/arm-none-eabi/10.3.1/../../../../arm-none-eabi/lib/thumb/v6-m/nofp\libstdc++.a(eh_personality.o)
 .text.__gxx_personality_v0
                0x1000ef88      0x4c8 c:/progra~2/gnuarm~1/102021~1.10/bin/../lib/gcc/arm-none-eabi/10.3.1/../../../../arm-none-eabi/lib/thumb/v6-m/nofp\libstdc++.a(eh_personality.o)
                0x1000ef88                __gxx_personality_v0
 .text._ZL23__gxx_exception_cleanup19_Unwind_Reason_CodeP21_Unwind_Control_Block
                0x1000f450       0x34 c:/progra~2/gnuarm~1/102021~1.10/bin/../lib/gcc/arm-none-eabi/10.3.1/../../../../arm-none-eabi/lib/thumb/v6-m/nofp\libstdc++.a(eh_throw.o)
 .text.__cxa_init_primary_exception
                0x1000f484       0x4c c:/progra~2/gnuarm~1/102021~1.10/bin/../lib/gcc/arm-none-eabi/10.3.1/../../../../arm-none-eabi/lib/thumb/v6-m/nofp\libstdc++.a(eh_throw.o)
                0x1000f484                __cxa_init_primary_exception
 .text.__cxa_throw
                0x1000f4d0       0x34 c:/progra~2/gnuarm~1/102021~1.10/bin/../lib/gcc/arm-none-eabi/10.3.1/../../../../arm-none-eabi/lib/thumb/v6-m/nofp\libstdc++.a(eh_throw.o)
                0x1000f4d0                __cxa_throw
 .text.__cxa_rethrow
                0x1000f504       0x70 c:/progra~2/gnuarm~1/102021~1.10/bin/../lib/gcc/arm-none-eabi/10.3.1/../../../../arm-none-eabi/lib/thumb/v6-m/nofp\libstdc++.a(eh_throw.o)
                0x1000f504                __cxa_rethrow
 .text.__cxa_current_exception_type
                0x1000f574       0x20 c:/progra~2/gnuarm~1/102021~1.10/bin/../lib/gcc/arm-none-eabi/10.3.1/../../../../arm-none-eabi/lib/thumb/v6-m/nofp\libstdc++.a(eh_type.o)
                0x1000f574                __cxa_current_exception_type
 .text._ZN10__cxxabiv120__si_class_type_infoD2Ev
                0x1000f594       0x18 c:/progra~2/gnuarm~1/102021~1.10/bin/../lib/gcc/arm-none-eabi/10.3.1/../../../../arm-none-eabi/lib/thumb/v6-m/nofp\libstdc++.a(si_class_type_info.o)
                0x1000f594                __cxxabiv1::__si_class_type_info::~__si_class_type_info()
                0x1000f594                __cxxabiv1::__si_class_type_info::~__si_class_type_info()
 .text._ZN10__cxxabiv120__si_class_type_infoD0Ev
                0x1000f5ac       0x20 c:/progra~2/gnuarm~1/102021~1.10/bin/../lib/gcc/arm-none-eabi/10.3.1/../../../../arm-none-eabi/lib/thumb/v6-m/nofp\libstdc++.a(si_class_type_info.o)
                0x1000f5ac                __cxxabiv1::__si_class_type_info::~__si_class_type_info()
 .text._ZNK10__cxxabiv120__si_class_type_info20__do_find_public_srcEiPKvPKNS_17__class_type_infoES2_
                0x1000f5cc       0x38 c:/progra~2/gnuarm~1/102021~1.10/bin/../lib/gcc/arm-none-eabi/10.3.1/../../../../arm-none-eabi/lib/thumb/v6-m/nofp\libstdc++.a(si_class_type_info.o)
                0x1000f5cc                __cxxabiv1::__si_class_type_info::__do_find_public_src(int, void const*, __cxxabiv1::__class_type_info const*, void const*) const
 .text._ZNK10__cxxabiv120__si_class_type_info12__do_dyncastEiNS_17__class_type_info10__sub_kindEPKS1_PKvS4_S6_RNS1_16__dyncast_resultE
                0x1000f604       0x9c c:/progra~2/gnuarm~1/102021~1.10/bin/../lib/gcc/arm-none-eabi/10.3.1/../../../../arm-none-eabi/lib/thumb/v6-m/nofp\libstdc++.a(si_class_type_info.o)
                0x1000f604                __cxxabiv1::__si_class_type_info::__do_dyncast(int, __cxxabiv1::__class_type_info::__sub_kind, __cxxabiv1::__class_type_info const*, void const*, __cxxabiv1::__class_type_info const*, void const*, __cxxabiv1::__class_type_info::__dyncast_result&) const
 .text._ZNK10__cxxabiv120__si_class_type_info11__do_upcastEPKNS_17__class_type_infoEPKvRNS1_15__upcast_resultE
                0x1000f6a0       0x24 c:/progra~2/gnuarm~1/102021~1.10/bin/../lib/gcc/arm-none-eabi/10.3.1/../../../../arm-none-eabi/lib/thumb/v6-m/nofp\libstdc++.a(si_class_type_info.o)
                0x1000f6a0                __cxxabiv1::__si_class_type_info::__do_upcast(__cxxabiv1::__class_type_info const*, void const*, __cxxabiv1::__class_type_info::__upcast_result&) const
 .text._ZNSt9type_infoD2Ev
                0x1000f6c4        0x4 c:/progra~2/gnuarm~1/102021~1.10/bin/../lib/gcc/arm-none-eabi/10.3.1/../../../../arm-none-eabi/lib/thumb/v6-m/nofp\libstdc++.a(tinfo.o)
                0x1000f6c4                std::type_info::~type_info()
                0x1000f6c4                std::type_info::~type_info()
 .text._ZNKSt9type_info14__is_pointer_pEv
                0x1000f6c8        0x4 c:/progra~2/gnuarm~1/102021~1.10/bin/../lib/gcc/arm-none-eabi/10.3.1/../../../../arm-none-eabi/lib/thumb/v6-m/nofp\libstdc++.a(tinfo.o)
                0x1000f6c8                std::type_info::__is_pointer_p() const
                0x1000f6c8                std::type_info::__is_function_p() const
 .text._ZNKSt9type_infoeqERKS_
                0x1000f6cc       0x30 c:/progra~2/gnuarm~1/102021~1.10/bin/../lib/gcc/arm-none-eabi/10.3.1/../../../../arm-none-eabi/lib/thumb/v6-m/nofp\libstdc++.a(tinfo.o)
                0x1000f6cc                std::type_info::operator==(std::type_info const&) const
 .text._ZNK10__cxxabiv117__class_type_info11__do_upcastEPKS0_PPv
                0x1000f6fc       0x34 c:/progra~2/gnuarm~1/102021~1.10/bin/../lib/gcc/arm-none-eabi/10.3.1/../../../../arm-none-eabi/lib/thumb/v6-m/nofp\libstdc++.a(class_type_info.o)
                0x1000f6fc                __cxxabiv1::__class_type_info::__do_upcast(__cxxabiv1::__class_type_info const*, void**) const
 .text._ZNK10__cxxabiv117__class_type_info20__do_find_public_srcEiPKvPKS0_S2_
                0x1000f730       0x14 c:/progra~2/gnuarm~1/102021~1.10/bin/../lib/gcc/arm-none-eabi/10.3.1/../../../../arm-none-eabi/lib/thumb/v6-m/nofp\libstdc++.a(class_type_info.o)
                0x1000f730                __cxxabiv1::__class_type_info::__do_find_public_src(int, void const*, __cxxabiv1::__class_type_info const*, void const*) const
 .text._ZN10__cxxabiv117__class_type_infoD2Ev
                0x1000f744       0x18 c:/progra~2/gnuarm~1/102021~1.10/bin/../lib/gcc/arm-none-eabi/10.3.1/../../../../arm-none-eabi/lib/thumb/v6-m/nofp\libstdc++.a(class_type_info.o)
                0x1000f744                __cxxabiv1::__class_type_info::~__class_type_info()
                0x1000f744                __cxxabiv1::__class_type_info::~__class_type_info()
 .text._ZN10__cxxabiv117__class_type_infoD0Ev
                0x1000f75c       0x20 c:/progra~2/gnuarm~1/102021~1.10/bin/../lib/gcc/arm-none-eabi/10.3.1/../../../../arm-none-eabi/lib/thumb/v6-m/nofp\libstdc++.a(class_type_info.o)
                0x1000f75c                __cxxabiv1::__class_type_info::~__class_type_info()
 .text._ZNK10__cxxabiv117__class_type_info12__do_dyncastEiNS0_10__sub_kindEPKS0_PKvS3_S5_RNS0_16__dyncast_resultE
                0x1000f77c       0x40 c:/progra~2/gnuarm~1/102021~1.10/bin/../lib/gcc/arm-none-eabi/10.3.1/../../../../arm-none-eabi/lib/thumb/v6-m/nofp\libstdc++.a(class_type_info.o)
                0x1000f77c                __cxxabiv1::__class_type_info::__do_dyncast(int, __cxxabiv1::__class_type_info::__sub_kind, __cxxabiv1::__class_type_info const*, void const*, __cxxabiv1::__class_type_info const*, void const*, __cxxabiv1::__class_type_info::__dyncast_result&) const
 .text._ZNK10__cxxabiv117__class_type_info11__do_upcastEPKS0_PKvRNS0_15__upcast_resultE
                0x1000f7bc       0x1c c:/progra~2/gnuarm~1/102021~1.10/bin/../lib/gcc/arm-none-eabi/10.3.1/../../../../arm-none-eabi/lib/thumb/v6-m/nofp\libstdc++.a(class_type_info.o)
                0x1000f7bc                __cxxabiv1::__class_type_info::__do_upcast(__cxxabiv1::__class_type_info const*, void const*, __cxxabiv1::__class_type_info::__upcast_result&) const
 .text._ZNK10__cxxabiv117__class_type_info10__do_catchEPKSt9type_infoPPvj
                0x1000f7d8       0x24 c:/progra~2/gnuarm~1/102021~1.10/bin/../lib/gcc/arm-none-eabi/10.3.1/../../../../arm-none-eabi/lib/thumb/v6-m/nofp\libstdc++.a(class_type_info.o)
                0x1000f7d8                __cxxabiv1::__class_type_info::__do_catch(std::type_info const*, void**, unsigned int) const
 .text._ZN12_GLOBAL__N_14pool4freeEPv.constprop.0
                0x1000f7fc       0x78 c:/progra~2/gnuarm~1/102021~1.10/bin/../lib/gcc/arm-none-eabi/10.3.1/../../../../arm-none-eabi/lib/thumb/v6-m/nofp\libstdc++.a(eh_alloc.o)
 .text._ZN12_GLOBAL__N_14pool8allocateEj.constprop.0
                0x1000f874       0x54 c:/progra~2/gnuarm~1/102021~1.10/bin/../lib/gcc/arm-none-eabi/10.3.1/../../../../arm-none-eabi/lib/thumb/v6-m/nofp\libstdc++.a(eh_alloc.o)
 .text.__cxa_allocate_exception
                0x1000f8c8       0x2c c:/progra~2/gnuarm~1/102021~1.10/bin/../lib/gcc/arm-none-eabi/10.3.1/../../../../arm-none-eabi/lib/thumb/v6-m/nofp\libstdc++.a(eh_alloc.o)
                0x1000f8c8                __cxa_allocate_exception
 .text.__cxa_free_exception
                0x1000f8f4       0x24 c:/progra~2/gnuarm~1/102021~1.10/bin/../lib/gcc/arm-none-eabi/10.3.1/../../../../arm-none-eabi/lib/thumb/v6-m/nofp\libstdc++.a(eh_alloc.o)
                0x1000f8f4                __cxa_free_exception
 .text.startup._GLOBAL__sub_I__ZN9__gnu_cxx9__freeresEv
                0x1000f918       0x2c c:/progra~2/gnuarm~1/102021~1.10/bin/../lib/gcc/arm-none-eabi/10.3.1/../../../../arm-none-eabi/lib/thumb/v6-m/nofp\libstdc++.a(eh_alloc.o)
 .text.abort    0x1000f944       0x10 c:/progra~2/gnuarm~1/102021~1.10/bin/../lib/gcc/arm-none-eabi/10.3.1/../../../../arm-none-eabi/lib/thumb/v6-m/nofp\libc.a(lib_a-abort.o)
                0x1000f944                abort
 .text.fputc    0x1000f954       0x58 c:/progra~2/gnuarm~1/102021~1.10/bin/../lib/gcc/arm-none-eabi/10.3.1/../../../../arm-none-eabi/lib/thumb/v6-m/nofp\libc.a(lib_a-fputc.o)
                0x1000f954                fputc
 .text._fputs_r
                0x1000f9ac       0x8c c:/progra~2/gnuarm~1/102021~1.10/bin/../lib/gcc/arm-none-eabi/10.3.1/../../../../arm-none-eabi/lib/thumb/v6-m/nofp\libc.a(lib_a-fputs.o)
                0x1000f9ac                _fputs_r
 .text.fputs    0x1000fa38       0x18 c:/progra~2/gnuarm~1/102021~1.10/bin/../lib/gcc/arm-none-eabi/10.3.1/../../../../arm-none-eabi/lib/thumb/v6-m/nofp\libc.a(lib_a-fputs.o)
                0x1000fa38                fputs
 .text.__sfvwrite_r
                0x1000fa50      0x2f4 c:/progra~2/gnuarm~1/102021~1.10/bin/../lib/gcc/arm-none-eabi/10.3.1/../../../../arm-none-eabi/lib/thumb/v6-m/nofp\libc.a(lib_a-fvwrite.o)
                0x1000fa50                __sfvwrite_r
 .text._fwrite_r
                0x1000fd44       0xb0 c:/progra~2/gnuarm~1/102021~1.10/bin/../lib/gcc/arm-none-eabi/10.3.1/../../../../arm-none-eabi/lib/thumb/v6-m/nofp\libc.a(lib_a-fwrite.o)
                0x1000fd44                _fwrite_r
 .text.fwrite   0x1000fdf4       0x20 c:/progra~2/gnuarm~1/102021~1.10/bin/../lib/gcc/arm-none-eabi/10.3.1/../../../../arm-none-eabi/lib/thumb/v6-m/nofp\libc.a(lib_a-fwrite.o)
                0x1000fdf4                fwrite
 .text.__retarget_lock_init_recursive
                0x1000fe14        0x4 c:/progra~2/gnuarm~1/102021~1.10/bin/../lib/gcc/arm-none-eabi/10.3.1/../../../../arm-none-eabi/lib/thumb/v6-m/nofp\libc.a(lib_a-lock.o)
                0x1000fe14                __retarget_lock_init_recursive
 .text.__retarget_lock_close_recursive
                0x1000fe18        0x4 c:/progra~2/gnuarm~1/102021~1.10/bin/../lib/gcc/arm-none-eabi/10.3.1/../../../../arm-none-eabi/lib/thumb/v6-m/nofp\libc.a(lib_a-lock.o)
                0x1000fe18                __retarget_lock_close_recursive
 .text.__retarget_lock_acquire_recursive
                0x1000fe1c        0x4 c:/progra~2/gnuarm~1/102021~1.10/bin/../lib/gcc/arm-none-eabi/10.3.1/../../../../arm-none-eabi/lib/thumb/v6-m/nofp\libc.a(lib_a-lock.o)
                0x1000fe1c                __retarget_lock_acquire_recursive
 .text.__retarget_lock_release_recursive
                0x1000fe20        0x4 c:/progra~2/gnuarm~1/102021~1.10/bin/../lib/gcc/arm-none-eabi/10.3.1/../../../../arm-none-eabi/lib/thumb/v6-m/nofp\libc.a(lib_a-lock.o)
                0x1000fe20                __retarget_lock_release_recursive
 .text.malloc   0x1000fe24       0x14 c:/progra~2/gnuarm~1/102021~1.10/bin/../lib/gcc/arm-none-eabi/10.3.1/../../../../arm-none-eabi/lib/thumb/v6-m/nofp\libc.a(lib_a-malloc.o)
                0x1000fe24                malloc
 .text.free     0x1000fe38       0x14 c:/progra~2/gnuarm~1/102021~1.10/bin/../lib/gcc/arm-none-eabi/10.3.1/../../../../arm-none-eabi/lib/thumb/v6-m/nofp\libc.a(lib_a-malloc.o)
                0x1000fe38                free
 .text._malloc_r
                0x1000fe4c      0x584 c:/progra~2/gnuarm~1/102021~1.10/bin/../lib/gcc/arm-none-eabi/10.3.1/../../../../arm-none-eabi/lib/thumb/v6-m/nofp\libc.a(lib_a-mallocr.o)
                0x1000fe4c                _malloc_r
 .text.__malloc_lock
                0x100103d0       0x10 c:/progra~2/gnuarm~1/102021~1.10/bin/../lib/gcc/arm-none-eabi/10.3.1/../../../../arm-none-eabi/lib/thumb/v6-m/nofp\libc.a(lib_a-mlock.o)
                0x100103d0                __malloc_lock
 .text.__malloc_unlock
                0x100103e0       0x10 c:/progra~2/gnuarm~1/102021~1.10/bin/../lib/gcc/arm-none-eabi/10.3.1/../../../../arm-none-eabi/lib/thumb/v6-m/nofp\libc.a(lib_a-mlock.o)
                0x100103e0                __malloc_unlock
 .text._putc_r  0x100103f0       0x74 c:/progra~2/gnuarm~1/102021~1.10/bin/../lib/gcc/arm-none-eabi/10.3.1/../../../../arm-none-eabi/lib/thumb/v6-m/nofp\libc.a(lib_a-putc.o)
                0x100103f0                _putc_r
 .text.realloc  0x10010464       0x18 c:/progra~2/gnuarm~1/102021~1.10/bin/../lib/gcc/arm-none-eabi/10.3.1/../../../../arm-none-eabi/lib/thumb/v6-m/nofp\libc.a(lib_a-realloc.o)
                0x10010464                realloc
 .text._realloc_r
                0x1001047c      0x354 c:/progra~2/gnuarm~1/102021~1.10/bin/../lib/gcc/arm-none-eabi/10.3.1/../../../../arm-none-eabi/lib/thumb/v6-m/nofp\libc.a(lib_a-reallocr.o)
                0x1001047c                _realloc_r
 .text._sbrk_r  0x100107d0       0x24 c:/progra~2/gnuarm~1/102021~1.10/bin/../lib/gcc/arm-none-eabi/10.3.1/../../../../arm-none-eabi/lib/thumb/v6-m/nofp\libc.a(lib_a-sbrkr.o)
                0x100107d0                _sbrk_r
 .text.raise    0x100107f4       0x60 c:/progra~2/gnuarm~1/102021~1.10/bin/../lib/gcc/arm-none-eabi/10.3.1/../../../../arm-none-eabi/lib/thumb/v6-m/nofp\libc.a(lib_a-signal.o)
                0x100107f4                raise
 .text._kill_r  0x10010854       0x28 c:/progra~2/gnuarm~1/102021~1.10/bin/../lib/gcc/arm-none-eabi/10.3.1/../../../../arm-none-eabi/lib/thumb/v6-m/nofp\libc.a(lib_a-signalr.o)
                0x10010854                _kill_r
 .text._getpid_r
                0x1001087c        0x8 c:/progra~2/gnuarm~1/102021~1.10/bin/../lib/gcc/arm-none-eabi/10.3.1/../../../../arm-none-eabi/lib/thumb/v6-m/nofp\libc.a(lib_a-signalr.o)
                0x1001087c                _getpid_r
 .text          0x10010884       0x88 c:/progra~2/gnuarm~1/102021~1.10/bin/../lib/gcc/arm-none-eabi/10.3.1/../../../../arm-none-eabi/lib/thumb/v6-m/nofp\libc.a(lib_a-strcmp.o)
                0x10010884                strcmp
 .text.strlen   0x1001090c       0x5c c:/progra~2/gnuarm~1/102021~1.10/bin/../lib/gcc/arm-none-eabi/10.3.1/../../../../arm-none-eabi/lib/thumb/v6-m/nofp\libc.a(lib_a-strlen-stub.o)
                0x1001090c                strlen
 .text.strncmp  0x10010968       0x74 c:/progra~2/gnuarm~1/102021~1.10/bin/../lib/gcc/arm-none-eabi/10.3.1/../../../../arm-none-eabi/lib/thumb/v6-m/nofp\libc.a(lib_a-strncmp.o)
                0x10010968                strncmp
 .text.write    0x100109dc       0x18 c:/progra~2/gnuarm~1/102021~1.10/bin/../lib/gcc/arm-none-eabi/10.3.1/../../../../arm-none-eabi/lib/thumb/v6-m/nofp\libc.a(lib_a-syswrite.o)
                0x100109dc                write
 .text.__swbuf_r
                0x100109f4       0xc8 c:/progra~2/gnuarm~1/102021~1.10/bin/../lib/gcc/arm-none-eabi/10.3.1/../../../../arm-none-eabi/lib/thumb/v6-m/nofp\libc.a(lib_a-wbuf.o)
                0x100109f4                __swbuf_r
 .text._write_r
                0x10010abc       0x28 c:/progra~2/gnuarm~1/102021~1.10/bin/../lib/gcc/arm-none-eabi/10.3.1/../../../../arm-none-eabi/lib/thumb/v6-m/nofp\libc.a(lib_a-writer.o)
                0x10010abc                _write_r
 .text.__swsetup_r
                0x10010ae4       0xdc c:/progra~2/gnuarm~1/102021~1.10/bin/../lib/gcc/arm-none-eabi/10.3.1/../../../../arm-none-eabi/lib/thumb/v6-m/nofp\libc.a(lib_a-wsetup.o)
                0x10010ae4                __swsetup_r
 .text.__sflush_r
                0x10010bc0      0x140 c:/progra~2/gnuarm~1/102021~1.10/bin/../lib/gcc/arm-none-eabi/10.3.1/../../../../arm-none-eabi/lib/thumb/v6-m/nofp\libc.a(lib_a-fflush.o)
                0x10010bc0                __sflush_r
 .text._fflush_r
                0x10010d00       0x6c c:/progra~2/gnuarm~1/102021~1.10/bin/../lib/gcc/arm-none-eabi/10.3.1/../../../../arm-none-eabi/lib/thumb/v6-m/nofp\libc.a(lib_a-fflush.o)
                0x10010d00                _fflush_r
 .text._cleanup_r
                0x10010d6c       0x10 c:/progra~2/gnuarm~1/102021~1.10/bin/../lib/gcc/arm-none-eabi/10.3.1/../../../../arm-none-eabi/lib/thumb/v6-m/nofp\libc.a(lib_a-findfp.o)
                0x10010d6c                _cleanup_r
 .text.__sinit  0x10010d7c      0x120 c:/progra~2/gnuarm~1/102021~1.10/bin/../lib/gcc/arm-none-eabi/10.3.1/../../../../arm-none-eabi/lib/thumb/v6-m/nofp\libc.a(lib_a-findfp.o)
                0x10010d7c                __sinit
 .text.__sfp_lock_acquire
                0x10010e9c       0x10 c:/progra~2/gnuarm~1/102021~1.10/bin/../lib/gcc/arm-none-eabi/10.3.1/../../../../arm-none-eabi/lib/thumb/v6-m/nofp\libc.a(lib_a-findfp.o)
                0x10010e9c                __sfp_lock_acquire
 .text.__sfp_lock_release
                0x10010eac       0x10 c:/progra~2/gnuarm~1/102021~1.10/bin/../lib/gcc/arm-none-eabi/10.3.1/../../../../arm-none-eabi/lib/thumb/v6-m/nofp\libc.a(lib_a-findfp.o)
                0x10010eac                __sfp_lock_release
 .text._malloc_trim_r
                0x10010ebc       0x9c c:/progra~2/gnuarm~1/102021~1.10/bin/../lib/gcc/arm-none-eabi/10.3.1/../../../../arm-none-eabi/lib/thumb/v6-m/nofp\libc.a(lib_a-freer.o)
                0x10010ebc                _malloc_trim_r
 .text._free_r  0x10010f58      0x1c4 c:/progra~2/gnuarm~1/102021~1.10/bin/../lib/gcc/arm-none-eabi/10.3.1/../../../../arm-none-eabi/lib/thumb/v6-m/nofp\libc.a(lib_a-freer.o)
                0x10010f58                _free_r
 .text._fwalk_reent
                0x1001111c       0x48 c:/progra~2/gnuarm~1/102021~1.10/bin/../lib/gcc/arm-none-eabi/10.3.1/../../../../arm-none-eabi/lib/thumb/v6-m/nofp\libc.a(lib_a-fwalk.o)
                0x1001111c                _fwalk_reent
 .text.__smakebuf_r
                0x10011164       0xe4 c:/progra~2/gnuarm~1/102021~1.10/bin/../lib/gcc/arm-none-eabi/10.3.1/../../../../arm-none-eabi/lib/thumb/v6-m/nofp\libc.a(lib_a-makebuf.o)
                0x10011164                __smakebuf_r
 .text.__sread  0x10011248       0x28 c:/progra~2/gnuarm~1/102021~1.10/bin/../lib/gcc/arm-none-eabi/10.3.1/../../../../arm-none-eabi/lib/thumb/v6-m/nofp\libc.a(lib_a-stdio.o)
                0x10011248                __sread
 .text.__swrite
                0x10011270       0x40 c:/progra~2/gnuarm~1/102021~1.10/bin/../lib/gcc/arm-none-eabi/10.3.1/../../../../arm-none-eabi/lib/thumb/v6-m/nofp\libc.a(lib_a-stdio.o)
                0x10011270                __swrite
 .text.__sseek  0x100112b0       0x2c c:/progra~2/gnuarm~1/102021~1.10/bin/../lib/gcc/arm-none-eabi/10.3.1/../../../../arm-none-eabi/lib/thumb/v6-m/nofp\libc.a(lib_a-stdio.o)
                0x100112b0                __sseek
 .text.__sclose
                0x100112dc        0xc c:/progra~2/gnuarm~1/102021~1.10/bin/../lib/gcc/arm-none-eabi/10.3.1/../../../../arm-none-eabi/lib/thumb/v6-m/nofp\libc.a(lib_a-stdio.o)
                0x100112dc                __sclose
 .text._close_r
                0x100112e8       0x24 c:/progra~2/gnuarm~1/102021~1.10/bin/../lib/gcc/arm-none-eabi/10.3.1/../../../../arm-none-eabi/lib/thumb/v6-m/nofp\libc.a(lib_a-closer.o)
                0x100112e8                _close_r
 .text._fclose_r
                0x1001130c       0xdc c:/progra~2/gnuarm~1/102021~1.10/bin/../lib/gcc/arm-none-eabi/10.3.1/../../../../arm-none-eabi/lib/thumb/v6-m/nofp\libc.a(lib_a-fclose.o)
                0x1001130c                _fclose_r
 .text._fstat_r
                0x100113e8       0x28 c:/progra~2/gnuarm~1/102021~1.10/bin/../lib/gcc/arm-none-eabi/10.3.1/../../../../arm-none-eabi/lib/thumb/v6-m/nofp\libc.a(lib_a-fstatr.o)
                0x100113e8                _fstat_r
 .text._isatty_r
                0x10011410       0x24 c:/progra~2/gnuarm~1/102021~1.10/bin/../lib/gcc/arm-none-eabi/10.3.1/../../../../arm-none-eabi/lib/thumb/v6-m/nofp\libc.a(lib_a-isattyr.o)
                0x10011410                _isatty_r
 .text._lseek_r
                0x10011434       0x28 c:/progra~2/gnuarm~1/102021~1.10/bin/../lib/gcc/arm-none-eabi/10.3.1/../../../../arm-none-eabi/lib/thumb/v6-m/nofp\libc.a(lib_a-lseekr.o)
                0x10011434                _lseek_r
 .text._read_r  0x1001145c       0x28 c:/progra~2/gnuarm~1/102021~1.10/bin/../lib/gcc/arm-none-eabi/10.3.1/../../../../arm-none-eabi/lib/thumb/v6-m/nofp\libc.a(lib_a-readr.o)
                0x1001145c                _read_r
 *(.fini)
 .fini          0x10011484        0x4 c:/progra~2/gnuarm~1/102021~1.10/bin/../lib/gcc/arm-none-eabi/10.3.1/thumb/v6-m/nofp/crti.o
                0x10011484                _fini
 .fini.__stub   0x10011488      0x1c0 linker stubs
 *crtbegin.o(.ctors)
 *crtbegin?.o(.ctors)
 *(EXCLUDE_FILE(*crtend.o *crtend?.o) .ctors)
 *(SORT_BY_NAME(.ctors.*))
 *(.ctors)
 *crtbegin.o(.dtors)
 *crtbegin?.o(.dtors)
 *(EXCLUDE_FILE(*crtend.o *crtend?.o) .dtors)
 *(SORT_BY_NAME(.dtors.*))
 *(.dtors)
 *(.eh_frame*)
 .eh_frame      0x10011648        0x0 c:/progra~2/gnuarm~1/102021~1.10/bin/../lib/gcc/arm-none-eabi/10.3.1/thumb/v6-m/nofp/crtbegin.o
                0x10011648                . = ALIGN (0x4)

.glue_7         0x10011648        0x0
 .glue_7        0x10011648        0x0 linker stubs

.glue_7t        0x10011648        0x0
 .glue_7t       0x10011648        0x0 linker stubs

.vfp11_veneer   0x10011648        0x0
 .vfp11_veneer  0x10011648        0x0 linker stubs

.v4_bx          0x10011648        0x0
 .v4_bx         0x10011648        0x0 linker stubs

.iplt           0x10011648        0x0
 .iplt          0x10011648        0x0 c:/progra~2/gnuarm~1/102021~1.10/bin/../lib/gcc/arm-none-eabi/10.3.1/thumb/v6-m/nofp/crtbegin.o

.rodata         0x10011648     0x48dc
 *(EXCLUDE_FILE(*libm.a: *libc.a:*lib_a-mem*.o *libgcc.a:) .rodata*)
 .rodata._Z9SetupTestv.str1.4
                0x10011648       0x76 CMakeFiles/ssd1306.dir/examples/SSD1306_BUTTONS/main.cpp.obj
 *fill*         0x100116be        0x2 
 .rodata._Z4Testv.str1.4
                0x100116c0      0x109 CMakeFiles/ssd1306.dir/examples/SSD1306_BUTTONS/main.cpp.obj
 *fill*         0x100117c9        0x3 
 .rodata._ZL4cat1
                0x100117cc      0x400 CMakeFiles/ssd1306.dir/examples/SSD1306_BUTTONS/main.cpp.obj
 .rodata._ZL4cat2
                0x10011bcc      0x400 CMakeFiles/ssd1306.dir/examples/SSD1306_BUTTONS/main.cpp.obj
 .rodata._ZL4cat3
                0x10011fcc      0x400 CMakeFiles/ssd1306.dir/examples/SSD1306_BUTTONS/main.cpp.obj
 .rodata._ZL4cat4
                0x100123cc      0x400 CMakeFiles/ssd1306.dir/examples/SSD1306_BUTTONS/main.cpp.obj
 .rodata._ZL4cat5
                0x100127cc      0x400 CMakeFiles/ssd1306.dir/examples/SSD1306_BUTTONS/main.cpp.obj
 .rodata._ZL4cat6
                0x10012bcc      0x400 CMakeFiles/ssd1306.dir/examples/SSD1306_BUTTONS/main.cpp.obj
 .rodata._ZL4cat7
                0x10012fcc      0x400 CMakeFiles/ssd1306.dir/examples/SSD1306_BUTTONS/main.cpp.obj
 .rodata.spin_lock_claim_unused.str1.4
                0x100133cc       0x1b CMakeFiles/ssd1306.dir/C_/VSARM/sdk/pico/pico-sdk/src/rp2_common/hardware_sync/sync.c.obj
 *fill*         0x100133e7        0x1 
 .rodata.user_irq_claim_unused.str1.4
                0x100133e8       0x1b CMakeFiles/ssd1306.dir/C_/VSARM/sdk/pico/pico-sdk/src/rp2_common/hardware_irq/irq.c.obj
 *fill*         0x10013403        0x5 
 .rodata.at_the_end_of_time
                0x10013408        0x8 CMakeFiles/ssd1306.dir/C_/VSARM/sdk/pico/pico-sdk/src/common/pico_time/time.c.obj
                0x10013408                at_the_end_of_time
 .rodata.hardware_alarm_claim.str1.4
                0x10013410       0x22 CMakeFiles/ssd1306.dir/C_/VSARM/sdk/pico/pico-sdk/src/rp2_common/hardware_timer/timer.c.obj
 *fill*         0x10013432        0x2 
 .rodata.panic.str1.4
                0x10013434       0x10 CMakeFiles/ssd1306.dir/C_/VSARM/sdk/pico/pico-sdk/src/rp2_common/pico_runtime/runtime.c.obj
                                 0x12 (size before relaxing)
 .rodata.hard_assertion_failure.str1.4
                0x10013444        0xc CMakeFiles/ssd1306.dir/C_/VSARM/sdk/pico/pico-sdk/src/rp2_common/pico_runtime/runtime.c.obj
 .rodata._ftoa.str1.4
                0x10013450       0x15 CMakeFiles/ssd1306.dir/C_/VSARM/sdk/pico/pico-sdk/src/rp2_common/pico_printf/printf.c.obj
 *fill*         0x10013465        0x3 
 .rodata._vsnprintf
                0x10013468      0x1e0 CMakeFiles/ssd1306.dir/C_/VSARM/sdk/pico/pico-sdk/src/rp2_common/pico_printf/printf.c.obj
 .rodata.pow10.0
                0x10013648       0x50 CMakeFiles/ssd1306.dir/C_/VSARM/sdk/pico/pico-sdk/src/rp2_common/pico_printf/printf.c.obj
 .rodata.__wrap_malloc.str1.4
                0x10013698        0xe CMakeFiles/ssd1306.dir/C_/VSARM/sdk/pico/pico-sdk/src/rp2_common/pico_malloc/pico_malloc.c.obj
 *fill*         0x100136a6        0x2 
 .rodata.str1.4
                0x100136a8       0x3c CMakeFiles/ssd1306.dir/C_/VSARM/sdk/pico/pico-sdk/src/rp2_common/pico_standard_link/binary_info.c.obj
 .rodata.__bi_44
                0x100136e4        0xc CMakeFiles/ssd1306.dir/C_/VSARM/sdk/pico/pico-sdk/src/rp2_common/pico_standard_link/binary_info.c.obj
 .rodata.__bi_75
                0x100136f0        0xc CMakeFiles/ssd1306.dir/C_/VSARM/sdk/pico/pico-sdk/src/rp2_common/pico_standard_link/binary_info.c.obj
 .rodata.__bi_81
                0x100136fc        0xc CMakeFiles/ssd1306.dir/C_/VSARM/sdk/pico/pico-sdk/src/rp2_common/pico_standard_link/binary_info.c.obj
 .rodata.crlf_str.0
                0x10013708        0x2 CMakeFiles/ssd1306.dir/C_/VSARM/sdk/pico/pico-sdk/src/rp2_common/pico_stdio/stdio.c.obj
 *fill*         0x1001370a        0x2 
 .rodata._resetd_driver
                0x1001370c       0x18 CMakeFiles/ssd1306.dir/C_/VSARM/sdk/pico/pico-sdk/src/rp2_common/pico_stdio_usb/reset_interface.c.obj
 .rodata.str1.4
                0x10013724       0x13 CMakeFiles/ssd1306.dir/C_/VSARM/sdk/pico/pico-sdk/src/rp2_common/pico_stdio_usb/stdio_usb.c.obj
 *fill*         0x10013737        0x1 
 .rodata.__bi_182.0
                0x10013738        0xc CMakeFiles/ssd1306.dir/C_/VSARM/sdk/pico/pico-sdk/src/rp2_common/pico_stdio_usb/stdio_usb.c.obj
 .rodata.str1.4
                0x10013744       0x2a CMakeFiles/ssd1306.dir/C_/VSARM/sdk/pico/pico-sdk/src/rp2_common/pico_stdio_usb/stdio_usb_descriptors.c.obj
 *fill*         0x1001376e        0x2 
 .rodata.usbd_desc_cfg
                0x10013770       0x54 CMakeFiles/ssd1306.dir/C_/VSARM/sdk/pico/pico-sdk/src/rp2_common/pico_stdio_usb/stdio_usb_descriptors.c.obj
 .rodata.usbd_desc_device
                0x100137c4       0x12 CMakeFiles/ssd1306.dir/C_/VSARM/sdk/pico/pico-sdk/src/rp2_common/pico_stdio_usb/stdio_usb_descriptors.c.obj
 *fill*         0x100137d6        0x2 
 .rodata.usbd_desc_str
                0x100137d8       0x18 CMakeFiles/ssd1306.dir/C_/VSARM/sdk/pico/pico-sdk/src/rp2_common/pico_stdio_usb/stdio_usb_descriptors.c.obj
 .rodata.str1.4
                0x100137f0       0x14 CMakeFiles/ssd1306.dir/C_/VSARM/sdk/pico/pico-sdk/lib/tinyusb/src/portable/raspberrypi/rp2040/dcd_rp2040.c.obj
 .rodata.str1.4
                0x10013804       0x53 CMakeFiles/ssd1306.dir/C_/VSARM/sdk/pico/pico-sdk/lib/tinyusb/src/portable/raspberrypi/rp2040/rp2040_usb.c.obj
 *fill*         0x10013857        0x1 
 .rodata.tud_task_ext
                0x10013858       0x8c CMakeFiles/ssd1306.dir/C_/VSARM/sdk/pico/pico-sdk/lib/tinyusb/src/device/usbd.c.obj
 .rodata._usbd_driver
                0x100138e4       0x18 CMakeFiles/ssd1306.dir/C_/VSARM/sdk/pico/pico-sdk/lib/tinyusb/src/device/usbd.c.obj
 .rodata._ZN7SSD130614I2C_Write_ByteEhh.constprop.0.str1.4
                0x100138fc       0x53 CMakeFiles/ssd1306.dir/src/ssd1306/SSD1306_OLED.cpp.obj
 *fill*         0x1001394f        0x1 
 .rodata._ZN7SSD130616OLEDSetBufferPtrEhhPht.str1.4
                0x10013950       0x91 CMakeFiles/ssd1306.dir/src/ssd1306/SSD1306_OLED.cpp.obj
 *fill*         0x100139e1        0x3 
 .rodata._ZN7SSD13069OLEDbeginEhP8i2c_instthh.str1.4
                0x100139e4       0x5e CMakeFiles/ssd1306.dir/src/ssd1306/SSD1306_OLED.cpp.obj
 *fill*         0x10013a42        0x2 
 .rodata._ZN7SSD130610OLEDBitmapEssssPKhbt.str1.4
                0x10013a44      0x195 CMakeFiles/ssd1306.dir/src/ssd1306/SSD1306_OLED.cpp.obj
 *fill*         0x10013bd9        0x3 
 .rodata._ZTV7SSD1306
                0x10013bdc       0x18 CMakeFiles/ssd1306.dir/src/ssd1306/SSD1306_OLED.cpp.obj
                0x10013bdc                vtable for SSD1306
 .rodata._ZN17SSD1306_OLEDFonts7setFontEPKh.str1.4
                0x10013bf4       0x3c CMakeFiles/ssd1306.dir/src/ssd1306/SSD1306_OLED_graphics.cpp.obj
 .rodata._ZN16SSD1306_graphics9writeCharEssc.str1.4
                0x10013c30       0x97 CMakeFiles/ssd1306.dir/src/ssd1306/SSD1306_OLED_graphics.cpp.obj
 *fill*         0x10013cc7        0x1 
 .rodata._ZTV16SSD1306_graphics
                0x10013cc8       0x18 CMakeFiles/ssd1306.dir/src/ssd1306/SSD1306_OLED_graphics.cpp.obj
                0x10013cc8                vtable for SSD1306_graphics
 .rodata._ZL11FontDefault
                0x10013ce0      0x5fe CMakeFiles/ssd1306.dir/src/ssd1306/SSD1306_OLED_font.cpp.obj
 *fill*         0x100142de        0x2 
 .rodata.__cxa_pure_virtual.str1.4
                0x100142e0       0x1c c:/progra~2/gnuarm~1/102021~1.10/bin/../lib/gcc/arm-none-eabi/10.3.1/../../../../arm-none-eabi/lib/thumb/v6-m/nofp\libstdc++.a(pure.o)
 .rodata._ZN9__gnu_cxx27__verbose_terminate_handlerEv.str1.4
                0x100142fc       0x94 c:/progra~2/gnuarm~1/102021~1.10/bin/../lib/gcc/arm-none-eabi/10.3.1/../../../../arm-none-eabi/lib/thumb/v6-m/nofp\libstdc++.a(vterminate.o)
 .rodata        0x10014390     0x1144 c:/progra~2/gnuarm~1/102021~1.10/bin/../lib/gcc/arm-none-eabi/10.3.1/../../../../arm-none-eabi/lib/thumb/v6-m/nofp\libstdc++.a(cp-demangle.o)
 .rodata.str1.4
                0x100154d4      0x891 c:/progra~2/gnuarm~1/102021~1.10/bin/../lib/gcc/arm-none-eabi/10.3.1/../../../../arm-none-eabi/lib/thumb/v6-m/nofp\libstdc++.a(cp-demangle.o)
                                0x8e9 (size before relaxing)
 *fill*         0x10015d65        0x3 